Component: Arm Compiler for Embedded 6.19 Tool: armlink [5e73cb00]

==============================================================================

Section Cross References

    main.o(.text.InitAll) refers to port_init.o(.text.PortAInit) for PortAInit
    main.o(.text.InitAll) refers to port_init.o(.text.PortBInit) for PortBInit
    main.o(.text.InitAll) refers to clock.o(.text.SysTickInit) for SysTickInit
    main.o(.text.InitAll) refers to clock.o(.text.PLLInit) for PLLInit
    main.o(.text.InitAll) refers to lcd.o(.text.LcdInit) for LcdInit
    main.o(.ARM.exidx.text.InitAll) refers to main.o(.text.InitAll) for [Anonymous Symbol]
    main.o(.text.main) refers to port_init.o(.text.PortAInit) for PortAInit
    main.o(.text.main) refers to port_init.o(.text.PortBInit) for PortBInit
    main.o(.text.main) refers to clock.o(.text.SysTickInit) for SysTickInit
    main.o(.text.main) refers to clock.o(.text.PLLInit) for PLLInit
    main.o(.text.main) refers to lcd.o(.text.LcdInit) for LcdInit
    main.o(.text.main) refers to clock.o(.text.DelayMilli) for DelayMilli
    main.o(.text.main) refers to lcd.o(.text.SendLcdCommandByte) for SendLcdCommandByte
    main.o(.text.main) refers to lcd.o(.text.LcdPrintChar) for LcdPrintChar
    main.o(.ARM.exidx.text.main) refers to main.o(.text.main) for [Anonymous Symbol]
    texas.o(i.Decrypt) refers to texas.o(.bss) for EncriptedMagicCode
    texas.o(i.Decrypt) refers to texas.o(.constdata) for DeScramble
    texas.o(i.Encrypt) refers to texas.o(i.SetCode) for SetCode
    texas.o(i.Encrypt) refers to texas.o(.bss) for MagicCode
    texas.o(i.Encrypt) refers to texas.o(.constdata) for Key
    texas.o(i.SetCode) refers to texas.o(.bss) for TExaS
    texas.o(i.SetCourse) refers to texas.o(.bss) for TExaS
    texas.o(i.SetGrade) refers to texas.o(i.Encrypt) for Encrypt
    texas.o(i.SetGrade) refers to texas.o(.bss) for MagicCode
    texas.o(i.SetMode) refers to texas.o(.bss) for TExaS
    texas.o(i.TExaS_Init) refers to texas.o(i.PLL_Init) for PLL_Init
    texas.o(i.TExaS_Init) refers to texas.o(i.SetCourse) for SetCourse
    texas.o(i.TExaS_Init) refers to texas.o(i.SetCode) for SetCode
    texas.o(i.TExaS_Init) refers to texas.o(i.ADC1_Init) for ADC1_Init
    texas.o(i.TExaS_Init) refers to texas.o(.constdata) for IntroMsg
    texas.o(i.TExaS_Init) refers to texas.o(.bss) for TExaS
    texas.o(i.TExaS_Init) refers to texas.o(.data) for LastMode
    texas.o(i.Timer5A_Handler) refers to texas.o(i.ADC1_In) for ADC1_In
    texas.o(i.Timer5A_Handler) refers to texas.o(i.SetGrade) for SetGrade
    texas.o(i.Timer5A_Handler) refers to texas.o(.data) for TExaS_Period
    texas.o(i.Timer5A_Handler) refers to texas.o(.bss) for TExaS
    texas.o(i.Timer5A_Handler) refers to texas.o(.constdata) for BlankMsg
    port_init.o(.ARM.exidx.text.PortEInit) refers to port_init.o(.text.PortEInit) for [Anonymous Symbol]
    port_init.o(.ARM.exidx.text.PortDInit) refers to port_init.o(.text.PortDInit) for [Anonymous Symbol]
    port_init.o(.ARM.exidx.text.PortBInit) refers to port_init.o(.text.PortBInit) for [Anonymous Symbol]
    port_init.o(.ARM.exidx.text.PortAInit) refers to port_init.o(.text.PortAInit) for [Anonymous Symbol]
    clock.o(.ARM.exidx.text.SysTickInit) refers to clock.o(.text.SysTickInit) for [Anonymous Symbol]
    clock.o(.ARM.exidx.text.PLLInit) refers to clock.o(.text.PLLInit) for [Anonymous Symbol]
    clock.o(.ARM.exidx.text.SysTickWait) refers to clock.o(.text.SysTickWait) for [Anonymous Symbol]
    clock.o(.text.DelayNano) refers to dflt_clz.o(x$fpl$dfltu) for __aeabi_ui2d
    clock.o(.text.DelayNano) refers to ddiv.o(x$fpl$ddiv) for __aeabi_ddiv
    clock.o(.text.DelayNano) refers to dfixu.o(x$fpl$dfixu) for __aeabi_d2uiz
    clock.o(.ARM.exidx.text.DelayNano) refers to clock.o(.text.DelayNano) for [Anonymous Symbol]
    clock.o(.text.DelayMicro) refers to dflt_clz.o(x$fpl$dfltu) for __aeabi_ui2d
    clock.o(.text.DelayMicro) refers to ddiv.o(x$fpl$ddiv) for __aeabi_ddiv
    clock.o(.text.DelayMicro) refers to dfixu.o(x$fpl$dfixu) for __aeabi_d2uiz
    clock.o(.ARM.exidx.text.DelayMicro) refers to clock.o(.text.DelayMicro) for [Anonymous Symbol]
    clock.o(.text.DelayMilli) refers to dflt_clz.o(x$fpl$dfltu) for __aeabi_ui2d
    clock.o(.text.DelayMilli) refers to ddiv.o(x$fpl$ddiv) for __aeabi_ddiv
    clock.o(.text.DelayMilli) refers to dfixu.o(x$fpl$dfixu) for __aeabi_d2uiz
    clock.o(.ARM.exidx.text.DelayMilli) refers to clock.o(.text.DelayMilli) for [Anonymous Symbol]
    lcd.o(.ARM.exidx.text.SendLcdRs) refers to lcd.o(.text.SendLcdRs) for [Anonymous Symbol]
    lcd.o(.text.LcdPulseEn) refers to clock.o(.text.DelayNano) for DelayNano
    lcd.o(.ARM.exidx.text.LcdPulseEn) refers to lcd.o(.text.LcdPulseEn) for [Anonymous Symbol]
    lcd.o(.text.SendLcdNibble) refers to clock.o(.text.DelayNano) for DelayNano
    lcd.o(.ARM.exidx.text.SendLcdNibble) refers to lcd.o(.text.SendLcdNibble) for [Anonymous Symbol]
    lcd.o(.text.SendLcdCommand) refers to clock.o(.text.DelayNano) for DelayNano
    lcd.o(.ARM.exidx.text.SendLcdCommand) refers to lcd.o(.text.SendLcdCommand) for [Anonymous Symbol]
    lcd.o(.text.SendLcdByte) refers to clock.o(.text.DelayNano) for DelayNano
    lcd.o(.ARM.exidx.text.SendLcdByte) refers to lcd.o(.text.SendLcdByte) for [Anonymous Symbol]
    lcd.o(.text.SendLcdCommandByte) refers to clock.o(.text.DelayNano) for DelayNano
    lcd.o(.ARM.exidx.text.SendLcdCommandByte) refers to lcd.o(.text.SendLcdCommandByte) for [Anonymous Symbol]
    lcd.o(.text.LcdInit) refers to clock.o(.text.DelayMilli) for DelayMilli
    lcd.o(.text.LcdInit) refers to clock.o(.text.DelayNano) for DelayNano
    lcd.o(.text.LcdInit) refers to clock.o(.text.DelayMicro) for DelayMicro
    lcd.o(.ARM.exidx.text.LcdInit) refers to lcd.o(.text.LcdInit) for [Anonymous Symbol]
    lcd.o(.text.LcdPrintChar) refers to clock.o(.text.DelayNano) for DelayNano
    lcd.o(.text.LcdPrintChar) refers to clock.o(.text.DelayMicro) for DelayMicro
    lcd.o(.ARM.exidx.text.LcdPrintChar) refers to lcd.o(.text.LcdPrintChar) for [Anonymous Symbol]
    startup_tm4c123.o(STACK) refers (Special) to heapauxi.o(.text) for __use_two_region_memory
    startup_tm4c123.o(HEAP) refers (Special) to heapauxi.o(.text) for __use_two_region_memory
    startup_tm4c123.o(RESET) refers (Special) to heapauxi.o(.text) for __use_two_region_memory
    startup_tm4c123.o(RESET) refers to startup_tm4c123.o(STACK) for __initial_sp
    startup_tm4c123.o(RESET) refers to startup_tm4c123.o(.text) for Reset_Handler
    startup_tm4c123.o(.text) refers (Special) to heapauxi.o(.text) for __use_two_region_memory
    startup_tm4c123.o(.text) refers to system_tm4c123.o(.text.SystemInit) for SystemInit
    startup_tm4c123.o(.text) refers to __main.o(!!!main) for __main
    startup_tm4c123.o(.text) refers to startup_tm4c123.o(HEAP) for Heap_Mem
    startup_tm4c123.o(.text) refers to startup_tm4c123.o(STACK) for Stack_Mem
    system_tm4c123.o(.text.SystemCoreClockUpdate) refers to system_tm4c123.o(.rodata..Lswitch.table.SystemCoreClockUpdate.1) for .Lswitch.table.SystemCoreClockUpdate.1
    system_tm4c123.o(.text.SystemCoreClockUpdate) refers to system_tm4c123.o(.data.SystemCoreClock) for SystemCoreClock
    system_tm4c123.o(.ARM.exidx.text.SystemCoreClockUpdate) refers to system_tm4c123.o(.text.SystemCoreClockUpdate) for [Anonymous Symbol]
    system_tm4c123.o(.ARM.exidx.text.SystemInit) refers to system_tm4c123.o(.text.SystemInit) for [Anonymous Symbol]
    __main.o(!!!main) refers to __rtentry.o(.ARM.Collect$$rtentry$$00000000) for __rt_entry
    ddiv.o(x$fpl$drdiv) refers (Special) to usenofp.o(x$fpl$usenofp) for __I$use$fp
    ddiv.o(x$fpl$drdiv) refers to ddiv.o(x$fpl$ddiv) for ddiv_entry
    ddiv.o(x$fpl$ddiv) refers (Special) to usenofp.o(x$fpl$usenofp) for __I$use$fp
    ddiv.o(x$fpl$ddiv) refers to dretinf.o(x$fpl$dretinf) for __fpl_dretinf
    ddiv.o(x$fpl$ddiv) refers to dnaninf.o(x$fpl$dnaninf) for __fpl_dnaninf
    dfixu.o(x$fpl$dfixu) refers (Special) to usenofp.o(x$fpl$usenofp) for __I$use$fp
    dfixu.o(x$fpl$dfixu) refers to dnaninf.o(x$fpl$dnaninf) for __fpl_dnaninf
    dfixu.o(x$fpl$dfixur) refers (Special) to usenofp.o(x$fpl$usenofp) for __I$use$fp
    dfixu.o(x$fpl$dfixur) refers to dnaninf.o(x$fpl$dnaninf) for __fpl_dnaninf
    dflt_clz.o(x$fpl$dfltu) refers (Special) to usenofp.o(x$fpl$usenofp) for __I$use$fp
    dflt_clz.o(x$fpl$dflt) refers (Special) to usenofp.o(x$fpl$usenofp) for __I$use$fp
    dflt_clz.o(x$fpl$dfltn) refers (Special) to usenofp.o(x$fpl$usenofp) for __I$use$fp
    __rtentry.o(.ARM.Collect$$rtentry$$00000000) refers (Special) to __rtentry2.o(.ARM.Collect$$rtentry$$0000000A) for __rt_entry_li
    __rtentry.o(.ARM.Collect$$rtentry$$00000000) refers (Special) to __rtentry2.o(.ARM.Collect$$rtentry$$0000000D) for __rt_entry_main
    __rtentry.o(.ARM.Collect$$rtentry$$00000000) refers (Special) to __rtentry2.o(.ARM.Collect$$rtentry$$0000000C) for __rt_entry_postli_1
    __rtentry.o(.ARM.Collect$$rtentry$$00000000) refers (Special) to __rtentry2.o(.ARM.Collect$$rtentry$$00000009) for __rt_entry_postsh_1
    __rtentry.o(.ARM.Collect$$rtentry$$00000000) refers (Special) to __rtentry2.o(.ARM.Collect$$rtentry$$00000002) for __rt_entry_presh_1
    __rtentry.o(.ARM.Collect$$rtentry$$00000000) refers (Special) to __rtentry4.o(.ARM.Collect$$rtentry$$00000004) for __rt_entry_sh
    dnaninf.o(x$fpl$dnaninf) refers (Special) to usenofp.o(x$fpl$usenofp) for __I$use$fp
    dretinf.o(x$fpl$dretinf) refers (Special) to usenofp.o(x$fpl$usenofp) for __I$use$fp
    __rtentry2.o(.ARM.Collect$$rtentry$$00000008) refers to boardinit2.o(.text) for _platform_post_stackheap_init
    __rtentry2.o(.ARM.Collect$$rtentry$$0000000A) refers to libinit.o(.ARM.Collect$$libinit$$00000000) for __rt_lib_init
    __rtentry2.o(.ARM.Collect$$rtentry$$0000000B) refers to boardinit3.o(.text) for _platform_post_lib_init
    __rtentry2.o(.ARM.Collect$$rtentry$$0000000D) refers to main.o(.text.main) for main
    __rtentry2.o(.ARM.Collect$$rtentry$$0000000D) refers to exit.o(.text) for exit
    __rtentry2.o(.ARM.exidx) refers to __rtentry2.o(.ARM.Collect$$rtentry$$00000001) for .ARM.Collect$$rtentry$$00000001
    __rtentry2.o(.ARM.exidx) refers to __rtentry2.o(.ARM.Collect$$rtentry$$00000008) for .ARM.Collect$$rtentry$$00000008
    __rtentry2.o(.ARM.exidx) refers to __rtentry2.o(.ARM.Collect$$rtentry$$0000000A) for .ARM.Collect$$rtentry$$0000000A
    __rtentry2.o(.ARM.exidx) refers to __rtentry2.o(.ARM.Collect$$rtentry$$0000000B) for .ARM.Collect$$rtentry$$0000000B
    __rtentry2.o(.ARM.exidx) refers to __rtentry2.o(.ARM.Collect$$rtentry$$0000000D) for .ARM.Collect$$rtentry$$0000000D
    __rtentry4.o(.ARM.Collect$$rtentry$$00000004) refers to sys_stackheap_outer.o(.text) for __user_setup_stackheap
    __rtentry4.o(.ARM.exidx) refers to __rtentry4.o(.ARM.Collect$$rtentry$$00000004) for .ARM.Collect$$rtentry$$00000004
    sys_stackheap_outer.o(.text) refers to libspace.o(.text) for __user_perproc_libspace
    sys_stackheap_outer.o(.text) refers to startup_tm4c123.o(.text) for __user_initial_stackheap
    exit.o(.text) refers to rtexit.o(.ARM.Collect$$rtexit$$00000000) for __rt_exit
    libinit.o(.ARM.Collect$$libinit$$00000000) refers (Special) to libinit2.o(.ARM.Collect$$libinit$$00000030) for __rt_lib_init_alloca_1
    libinit.o(.ARM.Collect$$libinit$$00000000) refers (Special) to libinit2.o(.ARM.Collect$$libinit$$0000002E) for __rt_lib_init_argv_1
    libinit.o(.ARM.Collect$$libinit$$00000000) refers (Special) to libinit2.o(.ARM.Collect$$libinit$$0000001D) for __rt_lib_init_atexit_1
    libinit.o(.ARM.Collect$$libinit$$00000000) refers (Special) to libinit2.o(.ARM.Collect$$libinit$$00000023) for __rt_lib_init_clock_1
    libinit.o(.ARM.Collect$$libinit$$00000000) refers (Special) to libinit2.o(.ARM.Collect$$libinit$$00000034) for __rt_lib_init_cpp_1
    libinit.o(.ARM.Collect$$libinit$$00000000) refers (Special) to libinit2.o(.ARM.Collect$$libinit$$00000032) for __rt_lib_init_exceptions_1
    libinit.o(.ARM.Collect$$libinit$$00000000) refers (Special) to libinit2.o(.ARM.Collect$$libinit$$00000001) for __rt_lib_init_fp_1
    libinit.o(.ARM.Collect$$libinit$$00000000) refers (Special) to libinit2.o(.ARM.Collect$$libinit$$00000021) for __rt_lib_init_fp_trap_1
    libinit.o(.ARM.Collect$$libinit$$00000000) refers (Special) to libinit2.o(.ARM.Collect$$libinit$$00000025) for __rt_lib_init_getenv_1
    libinit.o(.ARM.Collect$$libinit$$00000000) refers (Special) to libinit2.o(.ARM.Collect$$libinit$$0000000C) for __rt_lib_init_heap_1
    libinit.o(.ARM.Collect$$libinit$$00000000) refers (Special) to libinit2.o(.ARM.Collect$$libinit$$00000013) for __rt_lib_init_lc_collate_1
    libinit.o(.ARM.Collect$$libinit$$00000000) refers (Special) to libinit2.o(.ARM.Collect$$libinit$$00000015) for __rt_lib_init_lc_ctype_1
    libinit.o(.ARM.Collect$$libinit$$00000000) refers (Special) to libinit2.o(.ARM.Collect$$libinit$$00000017) for __rt_lib_init_lc_monetary_1
    libinit.o(.ARM.Collect$$libinit$$00000000) refers (Special) to libinit2.o(.ARM.Collect$$libinit$$00000019) for __rt_lib_init_lc_numeric_1
    libinit.o(.ARM.Collect$$libinit$$00000000) refers (Special) to libinit2.o(.ARM.Collect$$libinit$$0000001B) for __rt_lib_init_lc_time_1
    libinit.o(.ARM.Collect$$libinit$$00000000) refers (Special) to libinit2.o(.ARM.Collect$$libinit$$00000006) for __rt_lib_init_preinit_1
    libinit.o(.ARM.Collect$$libinit$$00000000) refers (Special) to libinit2.o(.ARM.Collect$$libinit$$00000010) for __rt_lib_init_rand_1
    libinit.o(.ARM.Collect$$libinit$$00000000) refers (Special) to libinit2.o(.ARM.Collect$$libinit$$00000004) for __rt_lib_init_relocate_pie_1
    libinit.o(.ARM.Collect$$libinit$$00000000) refers (Special) to libinit2.o(.ARM.Collect$$libinit$$00000035) for __rt_lib_init_return
    libinit.o(.ARM.Collect$$libinit$$00000000) refers (Special) to libinit2.o(.ARM.Collect$$libinit$$0000001F) for __rt_lib_init_signal_1
    libinit.o(.ARM.Collect$$libinit$$00000000) refers (Special) to libinit2.o(.ARM.Collect$$libinit$$00000027) for __rt_lib_init_stdio_1
    libinit.o(.ARM.Collect$$libinit$$00000000) refers (Special) to libinit2.o(.ARM.Collect$$libinit$$0000000E) for __rt_lib_init_user_alloc_1
    libspace.o(.text) refers to libspace.o(.bss) for __libspace_start
    rtexit.o(.ARM.Collect$$rtexit$$00000000) refers (Special) to rtexit2.o(.ARM.Collect$$rtexit$$00000004) for __rt_exit_exit
    rtexit.o(.ARM.Collect$$rtexit$$00000000) refers (Special) to rtexit2.o(.ARM.Collect$$rtexit$$00000003) for __rt_exit_ls
    rtexit.o(.ARM.Collect$$rtexit$$00000000) refers (Special) to rtexit2.o(.ARM.Collect$$rtexit$$00000002) for __rt_exit_prels_1
    rtexit.o(.ARM.exidx) refers (Special) to rtexit2.o(.ARM.Collect$$rtexit$$00000004) for __rt_exit_exit
    rtexit.o(.ARM.exidx) refers (Special) to rtexit2.o(.ARM.Collect$$rtexit$$00000003) for __rt_exit_ls
    rtexit.o(.ARM.exidx) refers (Special) to rtexit2.o(.ARM.Collect$$rtexit$$00000002) for __rt_exit_prels_1
    rtexit.o(.ARM.exidx) refers to rtexit.o(.ARM.Collect$$rtexit$$00000000) for .ARM.Collect$$rtexit$$00000000
    libinit2.o(.ARM.Collect$$libinit$$00000001) refers to fpinit.o(x$fpl$fpinit) for _fp_init
    libinit2.o(.ARM.Collect$$libinit$$00000012) refers to libinit2.o(.ARM.Collect$$libinit$$00000011) for .ARM.Collect$$libinit$$00000011
    libinit2.o(.ARM.Collect$$libinit$$00000014) refers to libinit2.o(.ARM.Collect$$libinit$$00000011) for .ARM.Collect$$libinit$$00000011
    libinit2.o(.ARM.Collect$$libinit$$00000016) refers to libinit2.o(.ARM.Collect$$libinit$$00000011) for .ARM.Collect$$libinit$$00000011
    libinit2.o(.ARM.Collect$$libinit$$00000018) refers to libinit2.o(.ARM.Collect$$libinit$$00000011) for .ARM.Collect$$libinit$$00000011
    libinit2.o(.ARM.Collect$$libinit$$0000001A) refers to libinit2.o(.ARM.Collect$$libinit$$00000011) for .ARM.Collect$$libinit$$00000011
    libinit2.o(.ARM.Collect$$libinit$$00000028) refers to argv_veneer.o(.emb_text) for __ARM_argv_veneer
    libinit2.o(.ARM.Collect$$libinit$$00000029) refers to argv_veneer.o(.emb_text) for __ARM_argv_veneer
    rtexit2.o(.ARM.Collect$$rtexit$$00000003) refers to libshutdown.o(.ARM.Collect$$libshutdown$$00000000) for __rt_lib_shutdown
    rtexit2.o(.ARM.Collect$$rtexit$$00000004) refers to sys_exit.o(.text) for _sys_exit
    rtexit2.o(.ARM.exidx) refers to rtexit2.o(.ARM.Collect$$rtexit$$00000001) for .ARM.Collect$$rtexit$$00000001
    rtexit2.o(.ARM.exidx) refers to rtexit2.o(.ARM.Collect$$rtexit$$00000003) for .ARM.Collect$$rtexit$$00000003
    rtexit2.o(.ARM.exidx) refers to rtexit2.o(.ARM.Collect$$rtexit$$00000004) for .ARM.Collect$$rtexit$$00000004
    argv_veneer.o(.emb_text) refers to no_argv.o(.text) for __ARM_get_argv
    sys_exit.o(.text) refers (Special) to use_no_semi.o(.text) for __I$use$semihosting
    sys_exit.o(.text) refers (Special) to indicate_semi.o(.text) for __semihosting_library_function
    sys_exit_hlt.o(.text) refers (Special) to use_no_semi.o(.text) for __I$use$semihosting
    sys_exit_hlt.o(.text) refers (Special) to indicate_semi.o(.text) for __semihosting_library_function
    _get_argv_nomalloc.o(.text) refers (Special) to hrguard.o(.text) for __heap_region$guard
    _get_argv_nomalloc.o(.text) refers to defsig_rtmem_outer.o(.text) for __rt_SIGRTMEM
    _get_argv_nomalloc.o(.text) refers to sys_command.o(.text) for _sys_command_string
    libshutdown.o(.ARM.Collect$$libshutdown$$00000000) refers (Special) to libshutdown2.o(.ARM.Collect$$libshutdown$$00000002) for __rt_lib_shutdown_cpp_1
    libshutdown.o(.ARM.Collect$$libshutdown$$00000000) refers (Special) to libshutdown2.o(.ARM.Collect$$libshutdown$$00000007) for __rt_lib_shutdown_fp_trap_1
    libshutdown.o(.ARM.Collect$$libshutdown$$00000000) refers (Special) to libshutdown2.o(.ARM.Collect$$libshutdown$$0000000F) for __rt_lib_shutdown_heap_1
    libshutdown.o(.ARM.Collect$$libshutdown$$00000000) refers (Special) to libshutdown2.o(.ARM.Collect$$libshutdown$$00000010) for __rt_lib_shutdown_return
    libshutdown.o(.ARM.Collect$$libshutdown$$00000000) refers (Special) to libshutdown2.o(.ARM.Collect$$libshutdown$$0000000A) for __rt_lib_shutdown_signal_1
    libshutdown.o(.ARM.Collect$$libshutdown$$00000000) refers (Special) to libshutdown2.o(.ARM.Collect$$libshutdown$$00000004) for __rt_lib_shutdown_stdio_1
    libshutdown.o(.ARM.Collect$$libshutdown$$00000000) refers (Special) to libshutdown2.o(.ARM.Collect$$libshutdown$$0000000C) for __rt_lib_shutdown_user_alloc_1
    sys_command.o(.text) refers (Special) to use_no_semi.o(.text) for __I$use$semihosting
    sys_command.o(.text) refers (Special) to indicate_semi.o(.text) for __semihosting_library_function
    sys_command_hlt.o(.text) refers (Special) to use_no_semi.o(.text) for __I$use$semihosting
    sys_command_hlt.o(.text) refers (Special) to indicate_semi.o(.text) for __semihosting_library_function
    defsig_rtmem_outer.o(.text) refers to defsig_rtmem_inner.o(.text) for __rt_SIGRTMEM_inner
    defsig_rtmem_outer.o(.text) refers to defsig_exit.o(.text) for __sig_exit
    defsig_rtmem_formal.o(.text) refers to rt_raise.o(.text) for __rt_raise
    rt_raise.o(.text) refers to __raise.o(.text) for __raise
    rt_raise.o(.text) refers to sys_exit.o(.text) for _sys_exit
    defsig_exit.o(.text) refers to sys_exit.o(.text) for _sys_exit
    defsig_rtmem_inner.o(.text) refers to defsig_general.o(.text) for __default_signal_display
    __raise.o(.text) refers to defsig.o(CL$$defsig) for __default_signal_handler
    defsig_general.o(.text) refers to sys_wrch.o(.text) for _ttywrch
    sys_wrch.o(.text) refers (Special) to use_no_semi.o(.text) for __I$use$semihosting
    sys_wrch.o(.text) refers (Special) to indicate_semi.o(.text) for __semihosting_library_function
    sys_wrch_hlt.o(.text) refers (Special) to use_no_semi.o(.text) for __I$use$semihosting
    sys_wrch_hlt.o(.text) refers (Special) to indicate_semi.o(.text) for __semihosting_library_function
    defsig.o(CL$$defsig) refers to defsig_rtmem_inner.o(.text) for __rt_SIGRTMEM_inner
    defsig_abrt_inner.o(.text) refers to defsig_general.o(.text) for __default_signal_display
    defsig_fpe_inner.o(.text) refers to defsig_general.o(.text) for __default_signal_display
    defsig_rtred_inner.o(.text) refers to defsig_general.o(.text) for __default_signal_display
    defsig_stak_inner.o(.text) refers to defsig_general.o(.text) for __default_signal_display
    defsig_pvfn_inner.o(.text) refers to defsig_general.o(.text) for __default_signal_display
    defsig_cppl_inner.o(.text) refers to defsig_general.o(.text) for __default_signal_display
    defsig_segv_inner.o(.text) refers to defsig_general.o(.text) for __default_signal_display
    defsig_other.o(.text) refers to defsig_general.o(.text) for __default_signal_display


==============================================================================

Removing Unused input sections from the image.

    Removing main.o(.text), (0 bytes).
    Removing main.o(.text.InitAll), (26 bytes).
    Removing main.o(.ARM.exidx.text.InitAll), (8 bytes).
    Removing main.o(.ARM.exidx.text.main), (8 bytes).
    Removing main.o(.ARM.use_no_argv), (4 bytes).
    Removing texas.o(i.ADC1_In), (12 bytes).
    Removing texas.o(i.ADC1_Init), (192 bytes).
    Removing texas.o(i.Decrypt), (92 bytes).
    Removing texas.o(i.Encrypt), (108 bytes).
    Removing texas.o(i.PLL_Init), (124 bytes).
    Removing texas.o(i.PortD2_Init), (100 bytes).
    Removing texas.o(i.SetCode), (24 bytes).
    Removing texas.o(i.SetCourse), (24 bytes).
    Removing texas.o(i.SetGrade), (204 bytes).
    Removing texas.o(i.SetMode), (24 bytes).
    Removing texas.o(i.TExaS_Init), (296 bytes).
    Removing texas.o(i.TExaS_Stop), (28 bytes).
    Removing texas.o(i.Timer5A_Handler), (1532 bytes).
    Removing texas.o(i.copy), (20 bytes).
    Removing texas.o(.bss), (628 bytes).
    Removing texas.o(.constdata), (8956 bytes).
    Removing texas.o(.data), (56 bytes).
    Removing port_init.o(.text), (0 bytes).
    Removing port_init.o(.text.PortEInit), (104 bytes).
    Removing port_init.o(.ARM.exidx.text.PortEInit), (8 bytes).
    Removing port_init.o(.text.PortDInit), (88 bytes).
    Removing port_init.o(.ARM.exidx.text.PortDInit), (8 bytes).
    Removing port_init.o(.ARM.exidx.text.PortBInit), (8 bytes).
    Removing port_init.o(.ARM.exidx.text.PortAInit), (8 bytes).
    Removing clock.o(.text), (0 bytes).
    Removing clock.o(.ARM.exidx.text.SysTickInit), (8 bytes).
    Removing clock.o(.ARM.exidx.text.PLLInit), (8 bytes).
    Removing clock.o(.text.SysTickWait), (24 bytes).
    Removing clock.o(.ARM.exidx.text.SysTickWait), (8 bytes).
    Removing clock.o(.ARM.exidx.text.DelayNano), (8 bytes).
    Removing clock.o(.ARM.exidx.text.DelayMicro), (8 bytes).
    Removing clock.o(.ARM.exidx.text.DelayMilli), (8 bytes).
    Removing lcd.o(.text), (0 bytes).
    Removing lcd.o(.text.SendLcdRs), (22 bytes).
    Removing lcd.o(.ARM.exidx.text.SendLcdRs), (8 bytes).
    Removing lcd.o(.text.LcdPulseEn), (38 bytes).
    Removing lcd.o(.ARM.exidx.text.LcdPulseEn), (8 bytes).
    Removing lcd.o(.text.SendLcdNibble), (52 bytes).
    Removing lcd.o(.ARM.exidx.text.SendLcdNibble), (8 bytes).
    Removing lcd.o(.text.SendLcdCommand), (64 bytes).
    Removing lcd.o(.ARM.exidx.text.SendLcdCommand), (8 bytes).
    Removing lcd.o(.text.SendLcdByte), (84 bytes).
    Removing lcd.o(.ARM.exidx.text.SendLcdByte), (8 bytes).
    Removing lcd.o(.ARM.exidx.text.SendLcdCommandByte), (8 bytes).
    Removing lcd.o(.ARM.exidx.text.LcdInit), (8 bytes).
    Removing lcd.o(.ARM.exidx.text.LcdPrintChar), (8 bytes).
    Removing keypad.o(.text), (0 bytes).
    Removing system_tm4c123.o(.text), (0 bytes).
    Removing system_tm4c123.o(.text.SystemCoreClockUpdate), (280 bytes).
    Removing system_tm4c123.o(.ARM.exidx.text.SystemCoreClockUpdate), (8 bytes).
    Removing system_tm4c123.o(.ARM.exidx.text.SystemInit), (8 bytes).
    Removing system_tm4c123.o(.data.SystemCoreClock), (4 bytes).
    Removing system_tm4c123.o(.rodata..Lswitch.table.SystemCoreClockUpdate.1), (92 bytes).

58 unused section(s) (total 13478 bytes) removed from the image.

==============================================================================

Image Symbol Table

    Local Symbols

    Symbol Name                              Value     Ov Type        Size  Object(Section)

    ../clib/angel/boardlib.s                 0x00000000   Number         0  boardinit1.o ABSOLUTE
    ../clib/angel/boardlib.s                 0x00000000   Number         0  boardinit2.o ABSOLUTE
    ../clib/angel/boardlib.s                 0x00000000   Number         0  boardinit3.o ABSOLUTE
    ../clib/angel/boardlib.s                 0x00000000   Number         0  boardshut.o ABSOLUTE
    ../clib/angel/handlers.s                 0x00000000   Number         0  __scatter_zi.o ABSOLUTE
    ../clib/angel/kernel.s                   0x00000000   Number         0  __rtentry.o ABSOLUTE
    ../clib/angel/kernel.s                   0x00000000   Number         0  __rtentry2.o ABSOLUTE
    ../clib/angel/kernel.s                   0x00000000   Number         0  __rtentry4.o ABSOLUTE
    ../clib/angel/kernel.s                   0x00000000   Number         0  rtexit.o ABSOLUTE
    ../clib/angel/kernel.s                   0x00000000   Number         0  rtexit2.o ABSOLUTE
    ../clib/angel/rt.s                       0x00000000   Number         0  rt_raise.o ABSOLUTE
    ../clib/angel/scatter.s                  0x00000000   Number         0  __scatter.o ABSOLUTE
    ../clib/angel/startup.s                  0x00000000   Number         0  __main.o ABSOLUTE
    ../clib/angel/sys.s                      0x00000000   Number         0  sys_stackheap_outer.o ABSOLUTE
    ../clib/angel/sys.s                      0x00000000   Number         0  libspace.o ABSOLUTE
    ../clib/angel/sys.s                      0x00000000   Number         0  use_no_semi.o ABSOLUTE
    ../clib/angel/sys.s                      0x00000000   Number         0  indicate_semi.o ABSOLUTE
    ../clib/angel/sysapp.c                   0x00000000   Number         0  sys_exit.o ABSOLUTE
    ../clib/angel/sysapp.c                   0x00000000   Number         0  sys_exit_hlt.o ABSOLUTE
    ../clib/angel/sysapp.c                   0x00000000   Number         0  sys_command.o ABSOLUTE
    ../clib/angel/sysapp.c                   0x00000000   Number         0  sys_command_hlt.o ABSOLUTE
    ../clib/angel/sysapp.c                   0x00000000   Number         0  sys_wrch.o ABSOLUTE
    ../clib/angel/sysapp.c                   0x00000000   Number         0  sys_wrch_hlt.o ABSOLUTE
    ../clib/armsys.c                         0x00000000   Number         0  argv_veneer.o ABSOLUTE
    ../clib/armsys.c                         0x00000000   Number         0  argv_veneer.o ABSOLUTE
    ../clib/armsys.c                         0x00000000   Number         0  _get_argv_nomalloc.o ABSOLUTE
    ../clib/armsys.c                         0x00000000   Number         0  no_argv.o ABSOLUTE
    ../clib/heapalloc.c                      0x00000000   Number         0  hrguard.o ABSOLUTE
    ../clib/heapaux.c                        0x00000000   Number         0  heapauxi.o ABSOLUTE
    ../clib/libinit.s                        0x00000000   Number         0  libinit.o ABSOLUTE
    ../clib/libinit.s                        0x00000000   Number         0  libinit2.o ABSOLUTE
    ../clib/libinit.s                        0x00000000   Number         0  libshutdown.o ABSOLUTE
    ../clib/libinit.s                        0x00000000   Number         0  libshutdown2.o ABSOLUTE
    ../clib/signal.c                         0x00000000   Number         0  defsig_rtmem_outer.o ABSOLUTE
    ../clib/signal.c                         0x00000000   Number         0  defsig_rtmem_formal.o ABSOLUTE
    ../clib/signal.c                         0x00000000   Number         0  defsig_exit.o ABSOLUTE
    ../clib/signal.c                         0x00000000   Number         0  defsig_rtmem_inner.o ABSOLUTE
    ../clib/signal.c                         0x00000000   Number         0  __raise.o ABSOLUTE
    ../clib/signal.c                         0x00000000   Number         0  defsig_general.o ABSOLUTE
    ../clib/signal.c                         0x00000000   Number         0  defsig_abrt_inner.o ABSOLUTE
    ../clib/signal.c                         0x00000000   Number         0  defsig_fpe_inner.o ABSOLUTE
    ../clib/signal.c                         0x00000000   Number         0  defsig_rtred_inner.o ABSOLUTE
    ../clib/signal.c                         0x00000000   Number         0  defsig_stak_inner.o ABSOLUTE
    ../clib/signal.c                         0x00000000   Number         0  defsig_pvfn_inner.o ABSOLUTE
    ../clib/signal.c                         0x00000000   Number         0  defsig_cppl_inner.o ABSOLUTE
    ../clib/signal.c                         0x00000000   Number         0  defsig_segv_inner.o ABSOLUTE
    ../clib/signal.c                         0x00000000   Number         0  defsig_other.o ABSOLUTE
    ../clib/signal.s                         0x00000000   Number         0  defsig.o ABSOLUTE
    ../clib/stdlib.c                         0x00000000   Number         0  exit.o ABSOLUTE
    ../fplib/ddiv.s                          0x00000000   Number         0  ddiv.o ABSOLUTE
    ../fplib/dfixu.s                         0x00000000   Number         0  dfixu.o ABSOLUTE
    ../fplib/dflt.s                          0x00000000   Number         0  dflt_clz.o ABSOLUTE
    ../fplib/dnaninf.s                       0x00000000   Number         0  dnaninf.o ABSOLUTE
    ../fplib/dretinf.s                       0x00000000   Number         0  dretinf.o ABSOLUTE
    ../fplib/fpinit.s                        0x00000000   Number         0  fpinit.o ABSOLUTE
    ../fplib/usenofp.s                       0x00000000   Number         0  usenofp.o ABSOLUTE
    RTE/Device/TM4C123GH6PM/startup_TM4C123.s 0x00000000   Number         0  startup_tm4c123.o ABSOLUTE
    TExaS.c                                  0x00000000   Number         0  texas.o ABSOLUTE
    clock.c                                  0x00000000   Number         0  clock.o ABSOLUTE
    dc.s                                     0x00000000   Number         0  dc.o ABSOLUTE
    keypad.c                                 0x00000000   Number         0  keypad.o ABSOLUTE
    lcd.c                                    0x00000000   Number         0  lcd.o ABSOLUTE
    main.c                                   0x00000000   Number         0  main.o ABSOLUTE
    port_init.c                              0x00000000   Number         0  port_init.o ABSOLUTE
    system_TM4C123.c                         0x00000000   Number         0  system_tm4c123.o ABSOLUTE
    RESET                                    0x00000000   Section      620  startup_tm4c123.o(RESET)
    !!!main                                  0x0000026c   Section        8  __main.o(!!!main)
    !!!scatter                               0x00000274   Section       52  __scatter.o(!!!scatter)
    !!handler_zi                             0x000002a8   Section       28  __scatter_zi.o(!!handler_zi)
    .ARM.Collect$$libinit$$00000000          0x000002c4   Section        2  libinit.o(.ARM.Collect$$libinit$$00000000)
    .ARM.Collect$$libinit$$00000001          0x000002c6   Section        4  libinit2.o(.ARM.Collect$$libinit$$00000001)
    .ARM.Collect$$libinit$$00000004          0x000002ca   Section        0  libinit2.o(.ARM.Collect$$libinit$$00000004)
    .ARM.Collect$$libinit$$00000006          0x000002ca   Section        0  libinit2.o(.ARM.Collect$$libinit$$00000006)
    .ARM.Collect$$libinit$$0000000C          0x000002ca   Section        0  libinit2.o(.ARM.Collect$$libinit$$0000000C)
    .ARM.Collect$$libinit$$0000000E          0x000002ca   Section        0  libinit2.o(.ARM.Collect$$libinit$$0000000E)
    .ARM.Collect$$libinit$$00000010          0x000002ca   Section        0  libinit2.o(.ARM.Collect$$libinit$$00000010)
    .ARM.Collect$$libinit$$00000013          0x000002ca   Section        0  libinit2.o(.ARM.Collect$$libinit$$00000013)
    .ARM.Collect$$libinit$$00000015          0x000002ca   Section        0  libinit2.o(.ARM.Collect$$libinit$$00000015)
    .ARM.Collect$$libinit$$00000017          0x000002ca   Section        0  libinit2.o(.ARM.Collect$$libinit$$00000017)
    .ARM.Collect$$libinit$$00000019          0x000002ca   Section        0  libinit2.o(.ARM.Collect$$libinit$$00000019)
    .ARM.Collect$$libinit$$0000001B          0x000002ca   Section        0  libinit2.o(.ARM.Collect$$libinit$$0000001B)
    .ARM.Collect$$libinit$$0000001D          0x000002ca   Section        0  libinit2.o(.ARM.Collect$$libinit$$0000001D)
    .ARM.Collect$$libinit$$0000001F          0x000002ca   Section        0  libinit2.o(.ARM.Collect$$libinit$$0000001F)
    .ARM.Collect$$libinit$$00000021          0x000002ca   Section        0  libinit2.o(.ARM.Collect$$libinit$$00000021)
    .ARM.Collect$$libinit$$00000023          0x000002ca   Section        0  libinit2.o(.ARM.Collect$$libinit$$00000023)
    .ARM.Collect$$libinit$$00000025          0x000002ca   Section        0  libinit2.o(.ARM.Collect$$libinit$$00000025)
    .ARM.Collect$$libinit$$00000027          0x000002ca   Section        0  libinit2.o(.ARM.Collect$$libinit$$00000027)
    .ARM.Collect$$libinit$$0000002E          0x000002ca   Section        0  libinit2.o(.ARM.Collect$$libinit$$0000002E)
    .ARM.Collect$$libinit$$00000030          0x000002ca   Section        0  libinit2.o(.ARM.Collect$$libinit$$00000030)
    .ARM.Collect$$libinit$$00000032          0x000002ca   Section        0  libinit2.o(.ARM.Collect$$libinit$$00000032)
    .ARM.Collect$$libinit$$00000034          0x000002ca   Section        0  libinit2.o(.ARM.Collect$$libinit$$00000034)
    .ARM.Collect$$libinit$$00000035          0x000002ca   Section        2  libinit2.o(.ARM.Collect$$libinit$$00000035)
    .ARM.Collect$$libshutdown$$00000000      0x000002cc   Section        2  libshutdown.o(.ARM.Collect$$libshutdown$$00000000)
    .ARM.Collect$$libshutdown$$00000002      0x000002ce   Section        0  libshutdown2.o(.ARM.Collect$$libshutdown$$00000002)
    .ARM.Collect$$libshutdown$$00000004      0x000002ce   Section        0  libshutdown2.o(.ARM.Collect$$libshutdown$$00000004)
    .ARM.Collect$$libshutdown$$00000007      0x000002ce   Section        0  libshutdown2.o(.ARM.Collect$$libshutdown$$00000007)
    .ARM.Collect$$libshutdown$$0000000A      0x000002ce   Section        0  libshutdown2.o(.ARM.Collect$$libshutdown$$0000000A)
    .ARM.Collect$$libshutdown$$0000000C      0x000002ce   Section        0  libshutdown2.o(.ARM.Collect$$libshutdown$$0000000C)
    .ARM.Collect$$libshutdown$$0000000F      0x000002ce   Section        0  libshutdown2.o(.ARM.Collect$$libshutdown$$0000000F)
    .ARM.Collect$$libshutdown$$00000010      0x000002ce   Section        2  libshutdown2.o(.ARM.Collect$$libshutdown$$00000010)
    .ARM.Collect$$rtentry$$00000000          0x000002d0   Section        0  __rtentry.o(.ARM.Collect$$rtentry$$00000000)
    .ARM.Collect$$rtentry$$00000002          0x000002d0   Section        0  __rtentry2.o(.ARM.Collect$$rtentry$$00000002)
    .ARM.Collect$$rtentry$$00000004          0x000002d0   Section        6  __rtentry4.o(.ARM.Collect$$rtentry$$00000004)
    .ARM.Collect$$rtentry$$00000009          0x000002d6   Section        0  __rtentry2.o(.ARM.Collect$$rtentry$$00000009)
    .ARM.Collect$$rtentry$$0000000A          0x000002d6   Section        4  __rtentry2.o(.ARM.Collect$$rtentry$$0000000A)
    .ARM.Collect$$rtentry$$0000000C          0x000002da   Section        0  __rtentry2.o(.ARM.Collect$$rtentry$$0000000C)
    .ARM.Collect$$rtentry$$0000000D          0x000002da   Section        8  __rtentry2.o(.ARM.Collect$$rtentry$$0000000D)
    .ARM.Collect$$rtexit$$00000000           0x000002e2   Section        2  rtexit.o(.ARM.Collect$$rtexit$$00000000)
    .ARM.Collect$$rtexit$$00000002           0x000002e4   Section        0  rtexit2.o(.ARM.Collect$$rtexit$$00000002)
    .ARM.Collect$$rtexit$$00000003           0x000002e4   Section        4  rtexit2.o(.ARM.Collect$$rtexit$$00000003)
    .ARM.Collect$$rtexit$$00000004           0x000002e8   Section        6  rtexit2.o(.ARM.Collect$$rtexit$$00000004)
    $v0                                      0x000002f0   Number         0  startup_tm4c123.o(.text)
    .text                                    0x000002f0   Section      276  startup_tm4c123.o(.text)
    .text                                    0x00000404   Section        0  heapauxi.o(.text)
    .text                                    0x0000040a   Section       74  sys_stackheap_outer.o(.text)
    .text                                    0x00000454   Section        0  exit.o(.text)
    .text                                    0x00000468   Section        8  libspace.o(.text)
    .text                                    0x00000470   Section        0  sys_exit.o(.text)
    .text                                    0x0000047c   Section        2  use_no_semi.o(.text)
    .text                                    0x0000047e   Section        0  indicate_semi.o(.text)
    [Anonymous Symbol]                       0x00000480   Section        0  clock.o(.text.DelayMicro)
    [Anonymous Symbol]                       0x000004c0   Section        0  clock.o(.text.DelayMilli)
    [Anonymous Symbol]                       0x00000500   Section        0  clock.o(.text.DelayNano)
    [Anonymous Symbol]                       0x00000538   Section        0  lcd.o(.text.LcdInit)
    [Anonymous Symbol]                       0x00000698   Section        0  lcd.o(.text.LcdPrintChar)
    [Anonymous Symbol]                       0x000006f8   Section        0  clock.o(.text.PLLInit)
    [Anonymous Symbol]                       0x00000754   Section        0  port_init.o(.text.PortAInit)
    [Anonymous Symbol]                       0x0000078c   Section        0  port_init.o(.text.PortBInit)
    [Anonymous Symbol]                       0x000007c4   Section        0  lcd.o(.text.SendLcdCommandByte)
    [Anonymous Symbol]                       0x00000828   Section        0  clock.o(.text.SysTickInit)
    [Anonymous Symbol]                       0x00000844   Section        0  system_tm4c123.o(.text.SystemInit)
    [Anonymous Symbol]                       0x000008b4   Section        0  main.o(.text.main)
    $v0                                      0x000008e8   Number         0  ddiv.o(x$fpl$ddiv)
    x$fpl$ddiv                               0x000008e8   Section      692  ddiv.o(x$fpl$ddiv)
    ddiv_entry                               0x000008ef   Thumb Code     0  ddiv.o(x$fpl$ddiv)
    $v0                                      0x00000b9c   Number         0  dfixu.o(x$fpl$dfixu)
    x$fpl$dfixu                              0x00000b9c   Section       90  dfixu.o(x$fpl$dfixu)
    $v0                                      0x00000bf6   Number         0  dflt_clz.o(x$fpl$dfltu)
    x$fpl$dfltu                              0x00000bf6   Section       38  dflt_clz.o(x$fpl$dfltu)
    $v0                                      0x00000c1c   Number         0  dnaninf.o(x$fpl$dnaninf)
    x$fpl$dnaninf                            0x00000c1c   Section      156  dnaninf.o(x$fpl$dnaninf)
    $v0                                      0x00000cb8   Number         0  dretinf.o(x$fpl$dretinf)
    x$fpl$dretinf                            0x00000cb8   Section       12  dretinf.o(x$fpl$dretinf)
    $v0                                      0x00000cc4   Number         0  fpinit.o(x$fpl$fpinit)
    x$fpl$fpinit                             0x00000cc4   Section       26  fpinit.o(x$fpl$fpinit)
    x$fpl$usenofp                            0x00000cde   Section        0  usenofp.o(x$fpl$usenofp)
    .bss                                     0x20000000   Section       96  libspace.o(.bss)
    Heap_Mem                                 0x20000060   Data           0  startup_tm4c123.o(HEAP)
    Stack_Mem                                0x20000060   Data         512  startup_tm4c123.o(STACK)
    HEAP                                     0x20000060   Section        0  startup_tm4c123.o(HEAP)
    STACK                                    0x20000060   Section      512  startup_tm4c123.o(STACK)
    __initial_sp                             0x20000260   Data           0  startup_tm4c123.o(STACK)

    Global Symbols

    Symbol Name                              Value     Ov Type        Size  Object(Section)

    BuildAttributes$$THM_ISAv4$E$P$D$K$B$S$7EM$VFPi3$EXTD16$VFPS$VFMA$PE$A:L22UL41UL21$X:L11$S22US41US21$IEEE1$IW$~IW$USESV6$~STKCKD$USESV7$~SHL$OTIME$ROPI$EBA8$UX$STANDARDLIB$REQ8$PRES8$EABIv2 0x00000000   Number         0  anon$$obj.o ABSOLUTE
    __Vectors                                0x00000000   Data           4  startup_tm4c123.o(RESET)
    __ARM_exceptions_init                     - Undefined Weak Reference
    __alloca_initialize                       - Undefined Weak Reference
    __arm_preinit_                            - Undefined Weak Reference
    __arm_relocate_pie_                       - Undefined Weak Reference
    __cpp_initialize__aeabi_                  - Undefined Weak Reference
    __cxa_finalize                            - Undefined Weak Reference
    __rt_locale                               - Undefined Weak Reference
    __sigvec_lookup                           - Undefined Weak Reference
    _atexit_init                              - Undefined Weak Reference
    _call_atexit_fns                          - Undefined Weak Reference
    _clock_init                               - Undefined Weak Reference
    _fp_trap_init                             - Undefined Weak Reference
    _fp_trap_shutdown                         - Undefined Weak Reference
    _get_lc_collate                           - Undefined Weak Reference
    _get_lc_ctype                             - Undefined Weak Reference
    _get_lc_monetary                          - Undefined Weak Reference
    _get_lc_numeric                           - Undefined Weak Reference
    _get_lc_time                              - Undefined Weak Reference
    _getenv_init                              - Undefined Weak Reference
    _handle_redirection                       - Undefined Weak Reference
    _init_alloc                               - Undefined Weak Reference
    _init_user_alloc                          - Undefined Weak Reference
    _initio                                   - Undefined Weak Reference
    _rand_init                                - Undefined Weak Reference
    _signal_finish                            - Undefined Weak Reference
    _signal_init                              - Undefined Weak Reference
    _terminate_alloc                          - Undefined Weak Reference
    _terminate_user_alloc                     - Undefined Weak Reference
    _terminateio                              - Undefined Weak Reference
    __Vectors_End                            0x0000026c   Data           0  startup_tm4c123.o(RESET)
    __Vectors_Size                           0x0000026c   Number         0  startup_tm4c123.o ABSOLUTE
    __main                                   0x0000026d   Thumb Code     8  __main.o(!!!main)
    __scatterload                            0x00000275   Thumb Code     0  __scatter.o(!!!scatter)
    __scatterload_rt2                        0x00000275   Thumb Code    44  __scatter.o(!!!scatter)
    __scatterload_rt2_thumb_only             0x00000275   Thumb Code     0  __scatter.o(!!!scatter)
    __scatterload_null                       0x00000283   Thumb Code     0  __scatter.o(!!!scatter)
    __scatterload_zeroinit                   0x000002a9   Thumb Code    28  __scatter_zi.o(!!handler_zi)
    __rt_lib_init                            0x000002c5   Thumb Code     0  libinit.o(.ARM.Collect$$libinit$$00000000)
    __rt_lib_init_fp_1                       0x000002c7   Thumb Code     0  libinit2.o(.ARM.Collect$$libinit$$00000001)
    __rt_lib_init_alloca_1                   0x000002cb   Thumb Code     0  libinit2.o(.ARM.Collect$$libinit$$00000030)
    __rt_lib_init_argv_1                     0x000002cb   Thumb Code     0  libinit2.o(.ARM.Collect$$libinit$$0000002E)
    __rt_lib_init_atexit_1                   0x000002cb   Thumb Code     0  libinit2.o(.ARM.Collect$$libinit$$0000001D)
    __rt_lib_init_clock_1                    0x000002cb   Thumb Code     0  libinit2.o(.ARM.Collect$$libinit$$00000023)
    __rt_lib_init_cpp_1                      0x000002cb   Thumb Code     0  libinit2.o(.ARM.Collect$$libinit$$00000034)
    __rt_lib_init_exceptions_1               0x000002cb   Thumb Code     0  libinit2.o(.ARM.Collect$$libinit$$00000032)
    __rt_lib_init_fp_trap_1                  0x000002cb   Thumb Code     0  libinit2.o(.ARM.Collect$$libinit$$00000021)
    __rt_lib_init_getenv_1                   0x000002cb   Thumb Code     0  libinit2.o(.ARM.Collect$$libinit$$00000025)
    __rt_lib_init_heap_1                     0x000002cb   Thumb Code     0  libinit2.o(.ARM.Collect$$libinit$$0000000C)
    __rt_lib_init_lc_collate_1               0x000002cb   Thumb Code     0  libinit2.o(.ARM.Collect$$libinit$$00000013)
    __rt_lib_init_lc_ctype_1                 0x000002cb   Thumb Code     0  libinit2.o(.ARM.Collect$$libinit$$00000015)
    __rt_lib_init_lc_monetary_1              0x000002cb   Thumb Code     0  libinit2.o(.ARM.Collect$$libinit$$00000017)
    __rt_lib_init_lc_numeric_1               0x000002cb   Thumb Code     0  libinit2.o(.ARM.Collect$$libinit$$00000019)
    __rt_lib_init_lc_time_1                  0x000002cb   Thumb Code     0  libinit2.o(.ARM.Collect$$libinit$$0000001B)
    __rt_lib_init_preinit_1                  0x000002cb   Thumb Code     0  libinit2.o(.ARM.Collect$$libinit$$00000006)
    __rt_lib_init_rand_1                     0x000002cb   Thumb Code     0  libinit2.o(.ARM.Collect$$libinit$$00000010)
    __rt_lib_init_relocate_pie_1             0x000002cb   Thumb Code     0  libinit2.o(.ARM.Collect$$libinit$$00000004)
    __rt_lib_init_return                     0x000002cb   Thumb Code     0  libinit2.o(.ARM.Collect$$libinit$$00000035)
    __rt_lib_init_signal_1                   0x000002cb   Thumb Code     0  libinit2.o(.ARM.Collect$$libinit$$0000001F)
    __rt_lib_init_stdio_1                    0x000002cb   Thumb Code     0  libinit2.o(.ARM.Collect$$libinit$$00000027)
    __rt_lib_init_user_alloc_1               0x000002cb   Thumb Code     0  libinit2.o(.ARM.Collect$$libinit$$0000000E)
    __rt_lib_shutdown                        0x000002cd   Thumb Code     0  libshutdown.o(.ARM.Collect$$libshutdown$$00000000)
    __rt_lib_shutdown_cpp_1                  0x000002cf   Thumb Code     0  libshutdown2.o(.ARM.Collect$$libshutdown$$00000002)
    __rt_lib_shutdown_fp_trap_1              0x000002cf   Thumb Code     0  libshutdown2.o(.ARM.Collect$$libshutdown$$00000007)
    __rt_lib_shutdown_heap_1                 0x000002cf   Thumb Code     0  libshutdown2.o(.ARM.Collect$$libshutdown$$0000000F)
    __rt_lib_shutdown_return                 0x000002cf   Thumb Code     0  libshutdown2.o(.ARM.Collect$$libshutdown$$00000010)
    __rt_lib_shutdown_signal_1               0x000002cf   Thumb Code     0  libshutdown2.o(.ARM.Collect$$libshutdown$$0000000A)
    __rt_lib_shutdown_stdio_1                0x000002cf   Thumb Code     0  libshutdown2.o(.ARM.Collect$$libshutdown$$00000004)
    __rt_lib_shutdown_user_alloc_1           0x000002cf   Thumb Code     0  libshutdown2.o(.ARM.Collect$$libshutdown$$0000000C)
    __rt_entry                               0x000002d1   Thumb Code     0  __rtentry.o(.ARM.Collect$$rtentry$$00000000)
    __rt_entry_presh_1                       0x000002d1   Thumb Code     0  __rtentry2.o(.ARM.Collect$$rtentry$$00000002)
    __rt_entry_sh                            0x000002d1   Thumb Code     0  __rtentry4.o(.ARM.Collect$$rtentry$$00000004)
    __rt_entry_li                            0x000002d7   Thumb Code     0  __rtentry2.o(.ARM.Collect$$rtentry$$0000000A)
    __rt_entry_postsh_1                      0x000002d7   Thumb Code     0  __rtentry2.o(.ARM.Collect$$rtentry$$00000009)
    __rt_entry_main                          0x000002db   Thumb Code     0  __rtentry2.o(.ARM.Collect$$rtentry$$0000000D)
    __rt_entry_postli_1                      0x000002db   Thumb Code     0  __rtentry2.o(.ARM.Collect$$rtentry$$0000000C)
    __rt_exit                                0x000002e3   Thumb Code     0  rtexit.o(.ARM.Collect$$rtexit$$00000000)
    __rt_exit_ls                             0x000002e5   Thumb Code     0  rtexit2.o(.ARM.Collect$$rtexit$$00000003)
    __rt_exit_prels_1                        0x000002e5   Thumb Code     0  rtexit2.o(.ARM.Collect$$rtexit$$00000002)
    __rt_exit_exit                           0x000002e9   Thumb Code     0  rtexit2.o(.ARM.Collect$$rtexit$$00000004)
    Reset_Handler                            0x000002f1   Thumb Code     8  startup_tm4c123.o(.text)
    NMI_Handler                              0x000002f9   Thumb Code     2  startup_tm4c123.o(.text)
    HardFault_Handler                        0x000002fb   Thumb Code     2  startup_tm4c123.o(.text)
    MemManage_Handler                        0x000002fd   Thumb Code     2  startup_tm4c123.o(.text)
    BusFault_Handler                         0x000002ff   Thumb Code     2  startup_tm4c123.o(.text)
    UsageFault_Handler                       0x00000301   Thumb Code     2  startup_tm4c123.o(.text)
    SVC_Handler                              0x00000303   Thumb Code     2  startup_tm4c123.o(.text)
    DebugMon_Handler                         0x00000305   Thumb Code     2  startup_tm4c123.o(.text)
    PendSV_Handler                           0x00000307   Thumb Code     2  startup_tm4c123.o(.text)
    SysTick_Handler                          0x00000309   Thumb Code     2  startup_tm4c123.o(.text)
    GPIOA_Handler                            0x0000030b   Thumb Code     2  startup_tm4c123.o(.text)
    GPIOB_Handler                            0x0000030d   Thumb Code     2  startup_tm4c123.o(.text)
    GPIOC_Handler                            0x0000030f   Thumb Code     2  startup_tm4c123.o(.text)
    GPIOD_Handler                            0x00000311   Thumb Code     2  startup_tm4c123.o(.text)
    GPIOE_Handler                            0x00000313   Thumb Code     2  startup_tm4c123.o(.text)
    UART0_Handler                            0x00000315   Thumb Code     2  startup_tm4c123.o(.text)
    UART1_Handler                            0x00000317   Thumb Code     2  startup_tm4c123.o(.text)
    SSI0_Handler                             0x00000319   Thumb Code     2  startup_tm4c123.o(.text)
    I2C0_Handler                             0x0000031b   Thumb Code     2  startup_tm4c123.o(.text)
    PMW0_FAULT_Handler                       0x0000031d   Thumb Code     2  startup_tm4c123.o(.text)
    PWM0_0_Handler                           0x0000031f   Thumb Code     2  startup_tm4c123.o(.text)
    PWM0_1_Handler                           0x00000321   Thumb Code     2  startup_tm4c123.o(.text)
    PWM0_2_Handler                           0x00000323   Thumb Code     2  startup_tm4c123.o(.text)
    QEI0_Handler                             0x00000325   Thumb Code     2  startup_tm4c123.o(.text)
    ADC0SS0_Handler                          0x00000327   Thumb Code     2  startup_tm4c123.o(.text)
    ADC0SS1_Handler                          0x00000329   Thumb Code     2  startup_tm4c123.o(.text)
    ADC0SS2_Handler                          0x0000032b   Thumb Code     2  startup_tm4c123.o(.text)
    ADC0SS3_Handler                          0x0000032d   Thumb Code     2  startup_tm4c123.o(.text)
    WDT0_Handler                             0x0000032f   Thumb Code     2  startup_tm4c123.o(.text)
    TIMER0A_Handler                          0x00000331   Thumb Code     2  startup_tm4c123.o(.text)
    TIMER0B_Handler                          0x00000333   Thumb Code     2  startup_tm4c123.o(.text)
    TIMER1A_Handler                          0x00000335   Thumb Code     2  startup_tm4c123.o(.text)
    TIMER1B_Handler                          0x00000337   Thumb Code     2  startup_tm4c123.o(.text)
    TIMER2A_Handler                          0x00000339   Thumb Code     2  startup_tm4c123.o(.text)
    TIMER2B_Handler                          0x0000033b   Thumb Code     2  startup_tm4c123.o(.text)
    COMP0_Handler                            0x0000033d   Thumb Code     2  startup_tm4c123.o(.text)
    COMP1_Handler                            0x0000033f   Thumb Code     2  startup_tm4c123.o(.text)
    COMP2_Handler                            0x00000341   Thumb Code     2  startup_tm4c123.o(.text)
    SYSCTL_Handler                           0x00000343   Thumb Code     2  startup_tm4c123.o(.text)
    FLASH_Handler                            0x00000345   Thumb Code     2  startup_tm4c123.o(.text)
    GPIOF_Handler                            0x00000347   Thumb Code     2  startup_tm4c123.o(.text)
    GPIOG_Handler                            0x00000349   Thumb Code     2  startup_tm4c123.o(.text)
    GPIOH_Handler                            0x0000034b   Thumb Code     2  startup_tm4c123.o(.text)
    UART2_Handler                            0x0000034d   Thumb Code     2  startup_tm4c123.o(.text)
    SSI1_Handler                             0x0000034f   Thumb Code     2  startup_tm4c123.o(.text)
    TIMER3A_Handler                          0x00000351   Thumb Code     2  startup_tm4c123.o(.text)
    TIMER3B_Handler                          0x00000353   Thumb Code     2  startup_tm4c123.o(.text)
    I2C1_Handler                             0x00000355   Thumb Code     2  startup_tm4c123.o(.text)
    QEI1_Handler                             0x00000357   Thumb Code     2  startup_tm4c123.o(.text)
    CAN0_Handler                             0x00000359   Thumb Code     2  startup_tm4c123.o(.text)
    CAN1_Handler                             0x0000035b   Thumb Code     2  startup_tm4c123.o(.text)
    CAN2_Handler                             0x0000035d   Thumb Code     2  startup_tm4c123.o(.text)
    HIB_Handler                              0x0000035f   Thumb Code     2  startup_tm4c123.o(.text)
    USB0_Handler                             0x00000361   Thumb Code     2  startup_tm4c123.o(.text)
    PWM0_3_Handler                           0x00000363   Thumb Code     2  startup_tm4c123.o(.text)
    UDMA_Handler                             0x00000365   Thumb Code     2  startup_tm4c123.o(.text)
    UDMAERR_Handler                          0x00000367   Thumb Code     2  startup_tm4c123.o(.text)
    ADC1SS0_Handler                          0x00000369   Thumb Code     2  startup_tm4c123.o(.text)
    ADC1SS1_Handler                          0x0000036b   Thumb Code     2  startup_tm4c123.o(.text)
    ADC1SS2_Handler                          0x0000036d   Thumb Code     2  startup_tm4c123.o(.text)
    ADC1SS3_Handler                          0x0000036f   Thumb Code     2  startup_tm4c123.o(.text)
    GPIOJ_Handler                            0x00000371   Thumb Code     2  startup_tm4c123.o(.text)
    GPIOK_Handler                            0x00000373   Thumb Code     2  startup_tm4c123.o(.text)
    GPIOL_Handler                            0x00000375   Thumb Code     2  startup_tm4c123.o(.text)
    SSI2_Handler                             0x00000377   Thumb Code     2  startup_tm4c123.o(.text)
    SSI3_Handler                             0x00000379   Thumb Code     2  startup_tm4c123.o(.text)
    UART3_Handler                            0x0000037b   Thumb Code     2  startup_tm4c123.o(.text)
    UART4_Handler                            0x0000037d   Thumb Code     2  startup_tm4c123.o(.text)
    UART5_Handler                            0x0000037f   Thumb Code     2  startup_tm4c123.o(.text)
    UART6_Handler                            0x00000381   Thumb Code     2  startup_tm4c123.o(.text)
    UART7_Handler                            0x00000383   Thumb Code     2  startup_tm4c123.o(.text)
    I2C2_Handler                             0x00000385   Thumb Code     2  startup_tm4c123.o(.text)
    I2C3_Handler                             0x00000387   Thumb Code     2  startup_tm4c123.o(.text)
    TIMER4A_Handler                          0x00000389   Thumb Code     2  startup_tm4c123.o(.text)
    TIMER4B_Handler                          0x0000038b   Thumb Code     2  startup_tm4c123.o(.text)
    TIMER5A_Handler                          0x0000038d   Thumb Code     2  startup_tm4c123.o(.text)
    TIMER5B_Handler                          0x0000038f   Thumb Code     2  startup_tm4c123.o(.text)
    WTIMER0A_Handler                         0x00000391   Thumb Code     2  startup_tm4c123.o(.text)
    WTIMER0B_Handler                         0x00000393   Thumb Code     2  startup_tm4c123.o(.text)
    WTIMER1A_Handler                         0x00000395   Thumb Code     2  startup_tm4c123.o(.text)
    WTIMER1B_Handler                         0x00000397   Thumb Code     2  startup_tm4c123.o(.text)
    WTIMER2A_Handler                         0x00000399   Thumb Code     2  startup_tm4c123.o(.text)
    WTIMER2B_Handler                         0x0000039b   Thumb Code     2  startup_tm4c123.o(.text)
    WTIMER3A_Handler                         0x0000039d   Thumb Code     2  startup_tm4c123.o(.text)
    WTIMER3B_Handler                         0x0000039f   Thumb Code     2  startup_tm4c123.o(.text)
    WTIMER4A_Handler                         0x000003a1   Thumb Code     2  startup_tm4c123.o(.text)
    WTIMER4B_Handler                         0x000003a3   Thumb Code     2  startup_tm4c123.o(.text)
    WTIMER5A_Handler                         0x000003a5   Thumb Code     2  startup_tm4c123.o(.text)
    WTIMER5B_Handler                         0x000003a7   Thumb Code     2  startup_tm4c123.o(.text)
    FPU_Handler                              0x000003a9   Thumb Code     2  startup_tm4c123.o(.text)
    I2C4_Handler                             0x000003ab   Thumb Code     2  startup_tm4c123.o(.text)
    I2C5_Handler                             0x000003ad   Thumb Code     2  startup_tm4c123.o(.text)
    GPIOM_Handler                            0x000003af   Thumb Code     2  startup_tm4c123.o(.text)
    GPION_Handler                            0x000003b1   Thumb Code     2  startup_tm4c123.o(.text)
    QEI2_Handler                             0x000003b3   Thumb Code     2  startup_tm4c123.o(.text)
    GPIOP0_Handler                           0x000003b5   Thumb Code     2  startup_tm4c123.o(.text)
    GPIOP1_Handler                           0x000003b7   Thumb Code     2  startup_tm4c123.o(.text)
    GPIOP2_Handler                           0x000003b9   Thumb Code     2  startup_tm4c123.o(.text)
    GPIOP3_Handler                           0x000003bb   Thumb Code     2  startup_tm4c123.o(.text)
    GPIOP4_Handler                           0x000003bd   Thumb Code     2  startup_tm4c123.o(.text)
    GPIOP5_Handler                           0x000003bf   Thumb Code     2  startup_tm4c123.o(.text)
    GPIOP6_Handler                           0x000003c1   Thumb Code     2  startup_tm4c123.o(.text)
    GPIOP7_Handler                           0x000003c3   Thumb Code     2  startup_tm4c123.o(.text)
    GPIOQ0_Handler                           0x000003c5   Thumb Code     2  startup_tm4c123.o(.text)
    GPIOQ1_Handler                           0x000003c7   Thumb Code     2  startup_tm4c123.o(.text)
    GPIOQ2_Handler                           0x000003c9   Thumb Code     2  startup_tm4c123.o(.text)
    GPIOQ3_Handler                           0x000003cb   Thumb Code     2  startup_tm4c123.o(.text)
    GPIOQ4_Handler                           0x000003cd   Thumb Code     2  startup_tm4c123.o(.text)
    GPIOQ5_Handler                           0x000003cf   Thumb Code     2  startup_tm4c123.o(.text)
    GPIOQ6_Handler                           0x000003d1   Thumb Code     2  startup_tm4c123.o(.text)
    GPIOQ7_Handler                           0x000003d3   Thumb Code     2  startup_tm4c123.o(.text)
    GPIOR_Handler                            0x000003d5   Thumb Code     2  startup_tm4c123.o(.text)
    GPIOS_Handler                            0x000003d7   Thumb Code     2  startup_tm4c123.o(.text)
    PMW1_0_Handler                           0x000003d9   Thumb Code     2  startup_tm4c123.o(.text)
    PWM1_1_Handler                           0x000003db   Thumb Code     2  startup_tm4c123.o(.text)
    PWM1_2_Handler                           0x000003dd   Thumb Code     2  startup_tm4c123.o(.text)
    PWM1_3_Handler                           0x000003df   Thumb Code     2  startup_tm4c123.o(.text)
    PWM1_FAULT_Handler                       0x000003e1   Thumb Code     2  startup_tm4c123.o(.text)
    __user_initial_stackheap                 0x000003e5   Thumb Code     0  startup_tm4c123.o(.text)
    __use_two_region_memory                  0x00000405   Thumb Code     2  heapauxi.o(.text)
    __rt_heap_escrow$2region                 0x00000407   Thumb Code     2  heapauxi.o(.text)
    __rt_heap_expand$2region                 0x00000409   Thumb Code     2  heapauxi.o(.text)
    __user_setup_stackheap                   0x0000040b   Thumb Code    74  sys_stackheap_outer.o(.text)
    exit                                     0x00000455   Thumb Code    18  exit.o(.text)
    __user_libspace                          0x00000469   Thumb Code     8  libspace.o(.text)
    __user_perproc_libspace                  0x00000469   Thumb Code     0  libspace.o(.text)
    __user_perthread_libspace                0x00000469   Thumb Code     0  libspace.o(.text)
    _sys_exit                                0x00000471   Thumb Code     8  sys_exit.o(.text)
    __I$use$semihosting                      0x0000047d   Thumb Code     0  use_no_semi.o(.text)
    __use_no_semihosting_swi                 0x0000047d   Thumb Code     2  use_no_semi.o(.text)
    __semihosting_library_function           0x0000047f   Thumb Code     0  indicate_semi.o(.text)
    DelayMicro                               0x00000481   Thumb Code    64  clock.o(.text.DelayMicro)
    DelayMilli                               0x000004c1   Thumb Code    64  clock.o(.text.DelayMilli)
    DelayNano                                0x00000501   Thumb Code    56  clock.o(.text.DelayNano)
    LcdInit                                  0x00000539   Thumb Code   352  lcd.o(.text.LcdInit)
    LcdPrintChar                             0x00000699   Thumb Code    94  lcd.o(.text.LcdPrintChar)
    PLLInit                                  0x000006f9   Thumb Code    90  clock.o(.text.PLLInit)
    PortAInit                                0x00000755   Thumb Code    54  port_init.o(.text.PortAInit)
    PortBInit                                0x0000078d   Thumb Code    54  port_init.o(.text.PortBInit)
    SendLcdCommandByte                       0x000007c5   Thumb Code    98  lcd.o(.text.SendLcdCommandByte)
    SysTickInit                              0x00000829   Thumb Code    26  clock.o(.text.SysTickInit)
    SystemInit                               0x00000845   Thumb Code   112  system_tm4c123.o(.text.SystemInit)
    main                                     0x000008b5   Thumb Code    50  main.o(.text.main)
    __aeabi_ddiv                             0x000008e9   Thumb Code     0  ddiv.o(x$fpl$ddiv)
    _ddiv                                    0x000008e9   Thumb Code   556  ddiv.o(x$fpl$ddiv)
    __aeabi_d2uiz                            0x00000b9d   Thumb Code     0  dfixu.o(x$fpl$dfixu)
    _dfixu                                   0x00000b9d   Thumb Code    90  dfixu.o(x$fpl$dfixu)
    __aeabi_ui2d                             0x00000bf7   Thumb Code     0  dflt_clz.o(x$fpl$dfltu)
    _dfltu                                   0x00000bf7   Thumb Code    38  dflt_clz.o(x$fpl$dfltu)
    __fpl_dnaninf                            0x00000c1d   Thumb Code   156  dnaninf.o(x$fpl$dnaninf)
    __fpl_dretinf                            0x00000cb9   Thumb Code    12  dretinf.o(x$fpl$dretinf)
    _fp_init                                 0x00000cc5   Thumb Code    26  fpinit.o(x$fpl$fpinit)
    __fplib_config_fpu_vfp                   0x00000cdd   Thumb Code     0  fpinit.o(x$fpl$fpinit)
    __fplib_config_pureend_doubles           0x00000cdd   Thumb Code     0  fpinit.o(x$fpl$fpinit)
    __I$use$fp                               0x00000cde   Number         0  usenofp.o(x$fpl$usenofp)
    Region$$Table$$Base                      0x00000ce0   Number         0  anon$$obj.o(Region$$Table)
    Region$$Table$$Limit                     0x00000cf0   Number         0  anon$$obj.o(Region$$Table)
    __libspace_start                         0x20000000   Data          96  libspace.o(.bss)
    __temporary_stack_top$libspace           0x20000060   Data           0  libspace.o(.bss)



==============================================================================

Memory Map of the image

  Image Entry point : 0x000002f1

  Load Region LR_1 (Base: 0x00000000, Size: 0x00000cf0, Max: 0xffffffff, ABSOLUTE)

    Execution Region ER_RO (Exec base: 0x00000000, Load base: 0x00000000, Size: 0x00000cf0, Max: 0xffffffff, ABSOLUTE)

    Exec Addr    Load Addr    Size         Type   Attr      Idx    E Section Name        Object

    0x00000000   0x00000000   0x0000026c   Data   RO          173    RESET               startup_tm4c123.o
    0x0000026c   0x0000026c   0x00000008   Code   RO          197  * !!!main             c_w.l(__main.o)
    0x00000274   0x00000274   0x00000034   Code   RO          381    !!!scatter          c_w.l(__scatter.o)
    0x000002a8   0x000002a8   0x0000001c   Code   RO          383    !!handler_zi        c_w.l(__scatter_zi.o)
    0x000002c4   0x000002c4   0x00000002   Code   RO          243    .ARM.Collect$$libinit$$00000000  c_w.l(libinit.o)
    0x000002c6   0x000002c6   0x00000004   Code   RO          249    .ARM.Collect$$libinit$$00000001  c_w.l(libinit2.o)
    0x000002ca   0x000002ca   0x00000000   Code   RO          252    .ARM.Collect$$libinit$$00000004  c_w.l(libinit2.o)
    0x000002ca   0x000002ca   0x00000000   Code   RO          254    .ARM.Collect$$libinit$$00000006  c_w.l(libinit2.o)
    0x000002ca   0x000002ca   0x00000000   Code   RO          257    .ARM.Collect$$libinit$$0000000C  c_w.l(libinit2.o)
    0x000002ca   0x000002ca   0x00000000   Code   RO          259    .ARM.Collect$$libinit$$0000000E  c_w.l(libinit2.o)
    0x000002ca   0x000002ca   0x00000000   Code   RO          261    .ARM.Collect$$libinit$$00000010  c_w.l(libinit2.o)
    0x000002ca   0x000002ca   0x00000000   Code   RO          264    .ARM.Collect$$libinit$$00000013  c_w.l(libinit2.o)
    0x000002ca   0x000002ca   0x00000000   Code   RO          266    .ARM.Collect$$libinit$$00000015  c_w.l(libinit2.o)
    0x000002ca   0x000002ca   0x00000000   Code   RO          268    .ARM.Collect$$libinit$$00000017  c_w.l(libinit2.o)
    0x000002ca   0x000002ca   0x00000000   Code   RO          270    .ARM.Collect$$libinit$$00000019  c_w.l(libinit2.o)
    0x000002ca   0x000002ca   0x00000000   Code   RO          272    .ARM.Collect$$libinit$$0000001B  c_w.l(libinit2.o)
    0x000002ca   0x000002ca   0x00000000   Code   RO          274    .ARM.Collect$$libinit$$0000001D  c_w.l(libinit2.o)
    0x000002ca   0x000002ca   0x00000000   Code   RO          276    .ARM.Collect$$libinit$$0000001F  c_w.l(libinit2.o)
    0x000002ca   0x000002ca   0x00000000   Code   RO          278    .ARM.Collect$$libinit$$00000021  c_w.l(libinit2.o)
    0x000002ca   0x000002ca   0x00000000   Code   RO          280    .ARM.Collect$$libinit$$00000023  c_w.l(libinit2.o)
    0x000002ca   0x000002ca   0x00000000   Code   RO          282    .ARM.Collect$$libinit$$00000025  c_w.l(libinit2.o)
    0x000002ca   0x000002ca   0x00000000   Code   RO          284    .ARM.Collect$$libinit$$00000027  c_w.l(libinit2.o)
    0x000002ca   0x000002ca   0x00000000   Code   RO          288    .ARM.Collect$$libinit$$0000002E  c_w.l(libinit2.o)
    0x000002ca   0x000002ca   0x00000000   Code   RO          290    .ARM.Collect$$libinit$$00000030  c_w.l(libinit2.o)
    0x000002ca   0x000002ca   0x00000000   Code   RO          292    .ARM.Collect$$libinit$$00000032  c_w.l(libinit2.o)
    0x000002ca   0x000002ca   0x00000000   Code   RO          294    .ARM.Collect$$libinit$$00000034  c_w.l(libinit2.o)
    0x000002ca   0x000002ca   0x00000002   Code   RO          295    .ARM.Collect$$libinit$$00000035  c_w.l(libinit2.o)
    0x000002cc   0x000002cc   0x00000002   Code   RO          317    .ARM.Collect$$libshutdown$$00000000  c_w.l(libshutdown.o)
    0x000002ce   0x000002ce   0x00000000   Code   RO          332    .ARM.Collect$$libshutdown$$00000002  c_w.l(libshutdown2.o)
    0x000002ce   0x000002ce   0x00000000   Code   RO          334    .ARM.Collect$$libshutdown$$00000004  c_w.l(libshutdown2.o)
    0x000002ce   0x000002ce   0x00000000   Code   RO          337    .ARM.Collect$$libshutdown$$00000007  c_w.l(libshutdown2.o)
    0x000002ce   0x000002ce   0x00000000   Code   RO          340    .ARM.Collect$$libshutdown$$0000000A  c_w.l(libshutdown2.o)
    0x000002ce   0x000002ce   0x00000000   Code   RO          342    .ARM.Collect$$libshutdown$$0000000C  c_w.l(libshutdown2.o)
    0x000002ce   0x000002ce   0x00000000   Code   RO          345    .ARM.Collect$$libshutdown$$0000000F  c_w.l(libshutdown2.o)
    0x000002ce   0x000002ce   0x00000002   Code   RO          346    .ARM.Collect$$libshutdown$$00000010  c_w.l(libshutdown2.o)
    0x000002d0   0x000002d0   0x00000000   Code   RO          213    .ARM.Collect$$rtentry$$00000000  c_w.l(__rtentry.o)
    0x000002d0   0x000002d0   0x00000000   Code   RO          220    .ARM.Collect$$rtentry$$00000002  c_w.l(__rtentry2.o)
    0x000002d0   0x000002d0   0x00000006   Code   RO          232    .ARM.Collect$$rtentry$$00000004  c_w.l(__rtentry4.o)
    0x000002d6   0x000002d6   0x00000000   Code   RO          222    .ARM.Collect$$rtentry$$00000009  c_w.l(__rtentry2.o)
    0x000002d6   0x000002d6   0x00000004   Code   RO          223    .ARM.Collect$$rtentry$$0000000A  c_w.l(__rtentry2.o)
    0x000002da   0x000002da   0x00000000   Code   RO          225    .ARM.Collect$$rtentry$$0000000C  c_w.l(__rtentry2.o)
    0x000002da   0x000002da   0x00000008   Code   RO          226    .ARM.Collect$$rtentry$$0000000D  c_w.l(__rtentry2.o)
    0x000002e2   0x000002e2   0x00000002   Code   RO          247    .ARM.Collect$$rtexit$$00000000  c_w.l(rtexit.o)
    0x000002e4   0x000002e4   0x00000000   Code   RO          297    .ARM.Collect$$rtexit$$00000002  c_w.l(rtexit2.o)
    0x000002e4   0x000002e4   0x00000004   Code   RO          298    .ARM.Collect$$rtexit$$00000003  c_w.l(rtexit2.o)
    0x000002e8   0x000002e8   0x00000006   Code   RO          299    .ARM.Collect$$rtexit$$00000004  c_w.l(rtexit2.o)
    0x000002ee   0x000002ee   0x00000002   PAD
    0x000002f0   0x000002f0   0x00000114   Code   RO          174  * .text               startup_tm4c123.o
    0x00000404   0x00000404   0x00000006   Code   RO          195    .text               c_w.l(heapauxi.o)
    0x0000040a   0x0000040a   0x0000004a   Code   RO          234    .text               c_w.l(sys_stackheap_outer.o)
    0x00000454   0x00000454   0x00000012   Code   RO          236    .text               c_w.l(exit.o)
    0x00000466   0x00000466   0x00000002   PAD
    0x00000468   0x00000468   0x00000008   Code   RO          244    .text               c_w.l(libspace.o)
    0x00000470   0x00000470   0x0000000c   Code   RO          307    .text               c_w.l(sys_exit.o)
    0x0000047c   0x0000047c   0x00000002   Code   RO          322    .text               c_w.l(use_no_semi.o)
    0x0000047e   0x0000047e   0x00000000   Code   RO          324    .text               c_w.l(indicate_semi.o)
    0x0000047e   0x0000047e   0x00000002   PAD
    0x00000480   0x00000480   0x00000040   Code   RO          135    .text.DelayMicro    clock.o
    0x000004c0   0x000004c0   0x00000040   Code   RO          137    .text.DelayMilli    clock.o
    0x00000500   0x00000500   0x00000038   Code   RO          133    .text.DelayNano     clock.o
    0x00000538   0x00000538   0x00000160   Code   RO          159    .text.LcdInit       lcd.o
    0x00000698   0x00000698   0x0000005e   Code   RO          161    .text.LcdPrintChar  lcd.o
    0x000006f6   0x000006f6   0x00000002   PAD
    0x000006f8   0x000006f8   0x0000005a   Code   RO          129    .text.PLLInit       clock.o
    0x00000752   0x00000752   0x00000002   PAD
    0x00000754   0x00000754   0x00000036   Code   RO          118    .text.PortAInit     port_init.o
    0x0000078a   0x0000078a   0x00000002   PAD
    0x0000078c   0x0000078c   0x00000036   Code   RO          116    .text.PortBInit     port_init.o
    0x000007c2   0x000007c2   0x00000002   PAD
    0x000007c4   0x000007c4   0x00000062   Code   RO          157    .text.SendLcdCommandByte  lcd.o
    0x00000826   0x00000826   0x00000002   PAD
    0x00000828   0x00000828   0x0000001a   Code   RO          127    .text.SysTickInit   clock.o
    0x00000842   0x00000842   0x00000002   PAD
    0x00000844   0x00000844   0x00000070   Code   RO          182    .text.SystemInit    system_tm4c123.o
    0x000008b4   0x000008b4   0x00000032   Code   RO            4    .text.main          main.o
    0x000008e6   0x000008e6   0x00000002   PAD
    0x000008e8   0x000008e8   0x000002b4   Code   RO          200    x$fpl$ddiv          fz_wm.l(ddiv.o)
    0x00000b9c   0x00000b9c   0x0000005a   Code   RO          203    x$fpl$dfixu         fz_wm.l(dfixu.o)
    0x00000bf6   0x00000bf6   0x00000026   Code   RO          207    x$fpl$dfltu         fz_wm.l(dflt_clz.o)
    0x00000c1c   0x00000c1c   0x0000009c   Code   RO          214    x$fpl$dnaninf       fz_wm.l(dnaninf.o)
    0x00000cb8   0x00000cb8   0x0000000c   Code   RO          216    x$fpl$dretinf       fz_wm.l(dretinf.o)
    0x00000cc4   0x00000cc4   0x0000001a   Code   RO          305    x$fpl$fpinit        fz_wm.l(fpinit.o)
    0x00000cde   0x00000cde   0x00000000   Code   RO          218    x$fpl$usenofp       fz_wm.l(usenofp.o)
    0x00000cde   0x00000cde   0x00000002   PAD
    0x00000ce0   0x00000ce0   0x00000010   Data   RO          380    Region$$Table       anon$$obj.o


    Execution Region ER_RW (Exec base: 0x20000000, Load base: 0x00000cf0, Size: 0x00000000, Max: 0xffffffff, ABSOLUTE)

    **** No section assigned to this execution region ****


    Execution Region ER_ZI (Exec base: 0x20000000, Load base: 0x00000cf0, Size: 0x00000260, Max: 0xffffffff, ABSOLUTE)

    Exec Addr    Load Addr    Size         Type   Attr      Idx    E Section Name        Object

    0x20000000        -       0x00000060   Zero   RW          245    .bss                c_w.l(libspace.o)
    0x20000060        -       0x00000000   Zero   RW          172    HEAP                startup_tm4c123.o
    0x20000060        -       0x00000200   Zero   RW          171    STACK               startup_tm4c123.o


==============================================================================

Image component sizes


      Code (inc. data)   RO Data    RW Data    ZI Data      Debug   Object Name

       300         24          0          0          0       1729   clock.o
       544          0          0          0          0       3913   lcd.o
        50          0          0          0          0        526   main.o
       108          0          0          0          0        798   port_init.o
       276         24        620          0        512       5472   startup_tm4c123.o
       112          0          0          0          0       6449   system_tm4c123.o

    ----------------------------------------------------------------------
      1404         48        636          0        512      18887   Object Totals
         0          0         16          0          0          0   (incl. Generated)
        14          0          0          0          0          0   (incl. Padding)

    ----------------------------------------------------------------------

      Code (inc. data)   RO Data    RW Data    ZI Data      Debug   Library Member Name

         8          0          0          0          0         68   __main.o
         0          0          0          0          0          0   __rtentry.o
        12          0          0          0          0          0   __rtentry2.o
         6          0          0          0          0          0   __rtentry4.o
        52          8          0          0          0          0   __scatter.o
        28          0          0          0          0          0   __scatter_zi.o
        18          0          0          0          0         80   exit.o
         6          0          0          0          0        152   heapauxi.o
         0          0          0          0          0          0   indicate_semi.o
         2          0          0          0          0          0   libinit.o
         6          0          0          0          0          0   libinit2.o
         2          0          0          0          0          0   libshutdown.o
         2          0          0          0          0          0   libshutdown2.o
         8          4          0          0         96         68   libspace.o
         2          0          0          0          0          0   rtexit.o
        10          0          0          0          0          0   rtexit2.o
        12          4          0          0          0         68   sys_exit.o
        74          0          0          0          0         80   sys_stackheap_outer.o
         2          0          0          0          0         68   use_no_semi.o
       692        140          0          0          0        264   ddiv.o
        90          4          0          0          0        140   dfixu.o
        38          0          0          0          0        116   dflt_clz.o
       156          4          0          0          0        140   dnaninf.o
        12          0          0          0          0        116   dretinf.o
        26          0          0          0          0        116   fpinit.o
         0          0          0          0          0          0   usenofp.o

    ----------------------------------------------------------------------
      1272        164          0          0         96       1476   Library Totals
         8          0          0          0          0          0   (incl. Padding)

    ----------------------------------------------------------------------

      Code (inc. data)   RO Data    RW Data    ZI Data      Debug   Library Name

       250         16          0          0         96        584   c_w.l
      1014        148          0          0          0        892   fz_wm.l

    ----------------------------------------------------------------------
      1272        164          0          0         96       1476   Library Totals

    ----------------------------------------------------------------------

==============================================================================


      Code (inc. data)   RO Data    RW Data    ZI Data      Debug   

      2676        212        636          0        608      19559   Grand Totals
      2676        212        636          0        608      19559   ELF Image Totals
      2676        212        636          0          0          0   ROM Totals

==============================================================================

    Total RO  Size (Code + RO Data)                 3312 (   3.23kB)
    Total RW  Size (RW Data + ZI Data)               608 (   0.59kB)
    Total ROM Size (Code + RO Data + RW Data)       3312 (   3.23kB)

==============================================================================

