Component: Arm Compiler for Embedded 6.19 Tool: armlink [5e73cb00]

==============================================================================

Section Cross References

    clock.o(.ARM.exidx.text.SysTickInit) refers to clock.o(.text.SysTickInit) for [Anonymous Symbol]
    clock.o(.ARM.exidx.text.PLLInit) refers to clock.o(.text.PLLInit) for [Anonymous Symbol]
    clock.o(.ARM.exidx.text.ClockInit) refers to clock.o(.text.ClockInit) for [Anonymous Symbol]
    clock.o(.ARM.exidx.text.SysTickWait) refers to clock.o(.text.SysTickWait) for [Anonymous Symbol]
    clock.o(.ARM.exidx.text.DelayNano) refers to clock.o(.text.DelayNano) for [Anonymous Symbol]
    clock.o(.ARM.exidx.text.DelayMicro) refers to clock.o(.text.DelayMicro) for [Anonymous Symbol]
    clock.o(.ARM.exidx.text.DelayMilli) refers to clock.o(.text.DelayMilli) for [Anonymous Symbol]
    helpers.o(.ARM.exidx.text.charListCreate) refers to helpers.o(.text.charListCreate) for [Anonymous Symbol]
    helpers.o(.ARM.exidx.text.charListClear) refers to helpers.o(.text.charListClear) for [Anonymous Symbol]
    helpers.o(.ARM.exidx.text.charListPushBack) refers to helpers.o(.text.charListPushBack) for [Anonymous Symbol]
    helpers.o(.ARM.exidx.text.charListAddRange) refers to helpers.o(.text.charListAddRange) for [Anonymous Symbol]
    helpers.o(.ARM.exidx.text.charListInsertAt) refers to helpers.o(.text.charListInsertAt) for [Anonymous Symbol]
    helpers.o(.ARM.exidx.text.charListRemoveAt) refers to helpers.o(.text.charListRemoveAt) for [Anonymous Symbol]
    helpers.o(.text.Random) refers to helpers.o(.data.randSeed) for randSeed
    helpers.o(.ARM.exidx.text.Random) refers to helpers.o(.text.Random) for [Anonymous Symbol]
    helpers.o(.text.RandomRange) refers to helpers.o(.data.randSeed) for randSeed
    helpers.o(.ARM.exidx.text.RandomRange) refers to helpers.o(.text.RandomRange) for [Anonymous Symbol]
    keypad.o(.ARM.exidx.text.KeyIsValid) refers to keypad.o(.text.KeyIsValid) for [Anonymous Symbol]
    keypad.o(.text.KeypadFindSpecialKey) refers to keypad.o(.rodata.KEYPAD_SPECIAL_KEYS) for KEYPAD_SPECIAL_KEYS
    keypad.o(.ARM.exidx.text.KeypadFindSpecialKey) refers to keypad.o(.text.KeypadFindSpecialKey) for [Anonymous Symbol]
    keypad.o(.text.KeypadInit) refers to ports.o(.text.PortDInit) for PortDInit
    keypad.o(.text.KeypadInit) refers to ports.o(.text.PortEInit) for PortEInit
    keypad.o(.ARM.exidx.text.KeypadInit) refers to keypad.o(.text.KeypadInit) for [Anonymous Symbol]
    keypad.o(.text.KeypadWaitForChar) refers to keypad.o(.rodata.KEYPAD_KEYS) for KEYPAD_KEYS
    keypad.o(.text.KeypadWaitForChar) refers to clock.o(.text.DelayMicro) for DelayMicro
    keypad.o(.ARM.exidx.text.KeypadWaitForChar) refers to keypad.o(.text.KeypadWaitForChar) for [Anonymous Symbol]
    keypad.o(.ARM.exidx.text.KeypadCreateDefaulteKey) refers to keypad.o(.text.KeypadCreateDefaulteKey) for [Anonymous Symbol]
    keypad.o(.text.KeypadWaitForKeyInfo) refers to keypad.o(.rodata.KEYPAD_KEYS) for KEYPAD_KEYS
    keypad.o(.text.KeypadWaitForKeyInfo) refers to clock.o(.text.DelayMicro) for DelayMicro
    keypad.o(.text.KeypadWaitForKeyInfo) refers to keypad.o(.rodata.KEYPAD_SPECIAL_KEYS) for KEYPAD_SPECIAL_KEYS
    keypad.o(.ARM.exidx.text.KeypadWaitForKeyInfo) refers to keypad.o(.text.KeypadWaitForKeyInfo) for [Anonymous Symbol]
    lcd.o(.ARM.exidx.text.LcdSetRs) refers to lcd.o(.text.LcdSetRs) for [Anonymous Symbol]
    lcd.o(.text.LcdSendNibble) refers to clock.o(.text.DelayNano) for DelayNano
    lcd.o(.ARM.exidx.text.LcdSendNibble) refers to lcd.o(.text.LcdSendNibble) for [Anonymous Symbol]
    lcd.o(.text.LcdSendByte) refers to clock.o(.text.DelayNano) for DelayNano
    lcd.o(.ARM.exidx.text.LcdSendByte) refers to lcd.o(.text.LcdSendByte) for [Anonymous Symbol]
    lcd.o(.text.LcdClearDisplay) refers to lcd.o(.bss.currentRow) for currentRow
    lcd.o(.text.LcdClearDisplay) refers to lcd.o(.bss.currentCol) for currentCol
    lcd.o(.text.LcdClearDisplay) refers to clock.o(.text.DelayNano) for DelayNano
    lcd.o(.text.LcdClearDisplay) refers to clock.o(.text.DelayMilli) for DelayMilli
    lcd.o(.ARM.exidx.text.LcdClearDisplay) refers to lcd.o(.text.LcdClearDisplay) for [Anonymous Symbol]
    lcd.o(.text.LcdCursorShift) refers to clock.o(.text.DelayNano) for DelayNano
    lcd.o(.text.LcdCursorShift) refers to clock.o(.text.DelayMicro) for DelayMicro
    lcd.o(.ARM.exidx.text.LcdCursorShift) refers to lcd.o(.text.LcdCursorShift) for [Anonymous Symbol]
    lcd.o(.text.LcdEntryModeSet) refers to clock.o(.text.DelayNano) for DelayNano
    lcd.o(.text.LcdEntryModeSet) refers to clock.o(.text.DelayMicro) for DelayMicro
    lcd.o(.ARM.exidx.text.LcdEntryModeSet) refers to lcd.o(.text.LcdEntryModeSet) for [Anonymous Symbol]
    lcd.o(.text.LcdDisplayControl) refers to clock.o(.text.DelayNano) for DelayNano
    lcd.o(.text.LcdDisplayControl) refers to clock.o(.text.DelayMicro) for DelayMicro
[...]
    CL$$btod_d2e_norm_op1                    0x000032ae   Section       96  btod.o(CL$$btod_d2e_norm_op1)
    CL$$btod_div_common                      0x00003310   Section      824  btod.o(CL$$btod_div_common)
    CL$$btod_e2d                             0x00003648   Section      132  btod.o(CL$$btod_e2d)
    CL$$btod_e2e                             0x000036cc   Section      220  btod.o(CL$$btod_e2e)
    CL$$btod_ediv                            0x000037a8   Section       42  btod.o(CL$$btod_ediv)
    CL$$btod_edivd                           0x000037d2   Section       42  btod.o(CL$$btod_edivd)
    CL$$btod_emul                            0x000037fc   Section       42  btod.o(CL$$btod_emul)
    CL$$btod_emuld                           0x00003826   Section       42  btod.o(CL$$btod_emuld)
    CL$$btod_mult_common                     0x00003850   Section      580  btod.o(CL$$btod_mult_common)
    i.__ARM_fpclassify                       0x00003a94   Section        0  fpclassify.o(i.__ARM_fpclassify)
    i.__hardfp___mathlib_tofloat             0x00003ac8   Section        0  narrow.o(i.__hardfp___mathlib_tofloat)
    i.__hardfp_atof                          0x00003bc0   Section        0  atof.o(i.__hardfp_atof)
    i.__hardfp_ldexp                         0x00003bf8   Section        0  ldexp.o(i.__hardfp_ldexp)
    i.__hardfp_pow                           0x00003cc8   Section        0  pow.o(i.__hardfp_pow)
    i.__kernel_poly                          0x00004928   Section        0  poly.o(i.__kernel_poly)
    i.__mathlib_dbl_divzero                  0x00004a20   Section        0  dunder.o(i.__mathlib_dbl_divzero)
    i.__mathlib_dbl_infnan2                  0x00004a50   Section        0  dunder.o(i.__mathlib_dbl_infnan2)
    i.__mathlib_dbl_invalid                  0x00004a68   Section        0  dunder.o(i.__mathlib_dbl_invalid)
    i.__mathlib_dbl_overflow                 0x00004a88   Section        0  dunder.o(i.__mathlib_dbl_overflow)
    i.__mathlib_dbl_underflow                0x00004aa8   Section        0  dunder.o(i.__mathlib_dbl_underflow)
    i.__mathlib_narrow                       0x00004ac8   Section        0  narrow.o(i.__mathlib_narrow)
    i.__support_ldexp                        0x00004ada   Section        0  ldexp.o(i.__support_ldexp)
    i._is_digit                              0x00004aee   Section        0  __printf_wp.o(i._is_digit)
    i.fabs                                   0x00004afc   Section        0  fabs.o(i.fabs)
    i.frexp                                  0x00004b18   Section        0  frexp.o(i.frexp)
    i.sqrt                                   0x00004ba4   Section        0  sqrt.o(i.sqrt)
    locale$$code                             0x00004c14   Section       44  lc_numeric_c.o(locale$$code)
    locale$$code                             0x00004c40   Section       44  lc_ctype_c.o(locale$$code)
    $v0                                      0x00004c6c   Number         0  basic.o(x$fpl$basic)
    x$fpl$basic                              0x00004c6c   Section       24  basic.o(x$fpl$basic)
    $v0                                      0x00004c84   Number         0  d2f.o(x$fpl$d2f)
    x$fpl$d2f                                0x00004c84   Section       98  d2f.o(x$fpl$d2f)
    $v0                                      0x00004ce8   Number         0  daddsub_clz.o(x$fpl$dadd)
    x$fpl$dadd                               0x00004ce8   Section      336  daddsub_clz.o(x$fpl$dadd)
    _dadd1                                   0x00004cf9   Thumb Code     0  daddsub_clz.o(x$fpl$dadd)
    $v0                                      0x00004e38   Number         0  dcheck1.o(x$fpl$dcheck1)
    x$fpl$dcheck1                            0x00004e38   Section       16  dcheck1.o(x$fpl$dcheck1)
    $v0                                      0x00004e48   Number         0  dcmpi.o(x$fpl$dcmpinf)
    x$fpl$dcmpinf                            0x00004e48   Section       24  dcmpi.o(x$fpl$dcmpinf)
    $v0                                      0x00004e60   Number         0  ddiv.o(x$fpl$ddiv)
    x$fpl$ddiv                               0x00004e60   Section      692  ddiv.o(x$fpl$ddiv)
    ddiv_entry                               0x00004e67   Thumb Code     0  ddiv.o(x$fpl$ddiv)
    $v0                                      0x00005114   Number         0  deqf.o(x$fpl$deqf)
    x$fpl$deqf                               0x00005114   Section      120  deqf.o(x$fpl$deqf)
    $v0                                      0x0000518c   Number         0  dflt_clz.o(x$fpl$dflt)
    x$fpl$dflt                               0x0000518c   Section       46  dflt_clz.o(x$fpl$dflt)
    $v0                                      0x000051bc   Number         0  dleqf.o(x$fpl$dleqf)
    x$fpl$dleqf                              0x000051bc   Section      120  dleqf.o(x$fpl$dleqf)
    $v0                                      0x00005234   Number         0  dmul.o(x$fpl$dmul)
    x$fpl$dmul                               0x00005234   Section      340  dmul.o(x$fpl$dmul)
    $v0                                      0x00005388   Number         0  dnaninf.o(x$fpl$dnaninf)
    x$fpl$dnaninf                            0x00005388   Section      156  dnaninf.o(x$fpl$dnaninf)
    $v0                                      0x00005424   Number         0  dretinf.o(x$fpl$dretinf)
    x$fpl$dretinf                            0x00005424   Section       12  dretinf.o(x$fpl$dretinf)
    $v0                                      0x00005430   Number         0  drleqf.o(x$fpl$drleqf)
    x$fpl$drleqf                             0x00005430   Section      108  drleqf.o(x$fpl$drleqf)
    $v0                                      0x0000549c   Number         0  daddsub_clz.o(x$fpl$drsb)
    x$fpl$drsb                               0x0000549c   Section       22  daddsub_clz.o(x$fpl$drsb)
    $v0                                      0x000054b4   Number         0  dsqrt_umaal.o(x$fpl$dsqrt)
    x$fpl$dsqrt                              0x000054b4   Section      408  dsqrt_umaal.o(x$fpl$dsqrt)
    $v0                                      0x0000564c   Number         0  daddsub_clz.o(x$fpl$dsub)
    x$fpl$dsub                               0x0000564c   Section      476  daddsub_clz.o(x$fpl$dsub)
    _dsub1                                   0x0000565d   Thumb Code     0  daddsub_clz.o(x$fpl$dsub)
    $v0                                      0x00005828   Number         0  f2d.o(x$fpl$f2d)
    x$fpl$f2d                                0x00005828   Section       86  f2d.o(x$fpl$f2d)
    $v0                                      0x0000587e   Number         0  fnaninf.o(x$fpl$fnaninf)
    x$fpl$fnaninf                            0x0000587e   Section      140  fnaninf.o(x$fpl$fnaninf)
    $v0                                      0x0000590a   Number         0  fpinit.o(x$fpl$fpinit)
    x$fpl$fpinit                             0x0000590a   Section       26  fpinit.o(x$fpl$fpinit)
    $v0                                      0x00005924   Number         0  fretinf.o(x$fpl$fretinf)
    x$fpl$fretinf                            0x00005924   Section       10  fretinf.o(x$fpl$fretinf)
    $v0                                      0x0000592e   Number         0  istatus.o(x$fpl$ieeestatus)
    x$fpl$ieeestatus                         0x0000592e   Section        6  istatus.o(x$fpl$ieeestatus)
    $v0                                      0x00005934   Number         0  printf1.o(x$fpl$printf1)
    x$fpl$printf1                            0x00005934   Section        4  printf1.o(x$fpl$printf1)
    $v0                                      0x00005938   Number         0  retnan.o(x$fpl$retnan)
    x$fpl$retnan                             0x00005938   Section      100  retnan.o(x$fpl$retnan)
    $v0                                      0x0000599c   Number         0  scalbn.o(x$fpl$scalbn)
    x$fpl$scalbn                             0x0000599c   Section       92  scalbn.o(x$fpl$scalbn)
    $v0                                      0x000059f8   Number         0  scanf1.o(x$fpl$scanf1)
    x$fpl$scanf1                             0x000059f8   Section        4  scanf1.o(x$fpl$scanf1)
    $v0                                      0x000059fc   Number         0  scanf2.o(x$fpl$scanf2)
    x$fpl$scanf2                             0x000059fc   Section        8  scanf2.o(x$fpl$scanf2)
    $v0                                      0x00005a04   Number         0  trapv.o(x$fpl$trapveneer)
    x$fpl$trapveneer                         0x00005a04   Section       48  trapv.o(x$fpl$trapveneer)
    x$fpl$usenofp                            0x00005a34   Section        0  usenofp.o(x$fpl$usenofp)
    bp                                       0x00005a38   Data          16  pow.o(.constdata)
    .constdata                               0x00005a38   Section      136  pow.o(.constdata)
    dp_h                                     0x00005a48   Data          16  pow.o(.constdata)
    dp_l                                     0x00005a58   Data          16  pow.o(.constdata)
    L                                        0x00005a68   Data          48  pow.o(.constdata)
    P                                        0x00005a98   Data          40  pow.o(.constdata)
    .constdata                               0x00005ac0   Section        8  qnan.o(.constdata)
    tenpwrs_x                                0x00005ac8   Data          60  bigflt0.o(.constdata)
    .constdata                               0x00005ac8   Section      148  bigflt0.o(.constdata)
    tenpwrs_i                                0x00005b04   Data          64  bigflt0.o(.constdata)
    .L__const.RunLoginAnimation.frames       0x00005b5c   Data         399  logic.o(.rodata..L__const.RunLoginAnimation.frames)
    .L.str.11                                0x00005d53   Data           5  logic.o(.rodata.str1.1)
    [Anonymous Symbol]                       0x00005d53   Section        0  logic.o(.rodata.str1.1)
    .L.str.8                                 0x00005d58   Data          17  logic.o(.rodata.str1.1)
    c$$dinf                                  0x00005d8c   Section        8  fpconst.o(c$$dinf)
    c$$dmax                                  0x00005d94   Section        8  fpconst.o(c$$dmax)
    locale$$data                             0x00005d9c   Section       28  lc_numeric_c.o(locale$$data)
    __lcnum_c_name                           0x00005da0   Data           2  lc_numeric_c.o(locale$$data)
    __lcnum_c_start                          0x00005da8   Data           0  lc_numeric_c.o(locale$$data)
    __lcnum_c_point                          0x00005db4   Data           0  lc_numeric_c.o(locale$$data)
    __lcnum_c_thousands                      0x00005db6   Data           0  lc_numeric_c.o(locale$$data)
    __lcnum_c_grouping                       0x00005db7   Data           0  lc_numeric_c.o(locale$$data)
    __lcnum_c_end                            0x00005db8   Data           0  lc_numeric_c.o(locale$$data)
    locale$$data                             0x00005db8   Section      272  lc_ctype_c.o(locale$$data)
    __lcctype_c_name                         0x00005dbc   Data           2  lc_ctype_c.o(locale$$data)
    __lcctype_c_start                        0x00005dc4   Data           0  lc_ctype_c.o(locale$$data)
    __lcctype_c_end                          0x00005ec8   Data           0  lc_ctype_c.o(locale$$data)
    .bss                                     0x20000070   Section       96  libspace.o(.bss)
    Heap_Mem                                 0x200002f8   Data           0  startup_tm4c123.o(HEAP)
    Stack_Mem                                0x200002f8   Data        8192  startup_tm4c123.o(STACK)
    HEAP                                     0x200002f8   Section        0  startup_tm4c123.o(HEAP)
    STACK                                    0x200002f8   Section     8192  startup_tm4c123.o(STACK)
    __initial_sp                             0x200022f8   Data           0  startup_tm4c123.o(STACK)

    Global Symbols

    Symbol Name                              Value     Ov Type        Size  Object(Section)

    BuildAttributes$$THM_ISAv4$E$P$D$K$B$S$7EM$VFPi3$EXTD16$VFPS$VFMA$PE$A:L22UL41UL21$X:L11$S22US41US21$IEEE1$IW$~IW$USESV6$~STKCKD$USESV7$~SHL$OTIME$ROPI$IEEEX$EBA8$UX$STANDARDLIB$REQ8$PRES8$EABIv2 0x00000000   Number         0  anon$$obj.o ABSOLUTE
    __Vectors                                0x00000000   Data           4  startup_tm4c123.o(RESET)
    _printf_flags                            0x00000000   Number         0  printf_stubs.o ABSOLUTE
    _printf_return_value                     0x00000000   Number         0  printf_stubs.o ABSOLUTE
    _printf_sizespec                         0x00000000   Number         0  printf_stubs.o ABSOLUTE
    _printf_widthprec                        0x00000000   Number         0  printf_stubs.o ABSOLUTE
    __ARM_exceptions_init                     - Undefined Weak Reference
    __alloca_initialize                       - Undefined Weak Reference
    __arm_preinit_                            - Undefined Weak Reference
    __arm_relocate_pie_                       - Undefined Weak Reference
    __cpp_initialize__aeabi_                  - Undefined Weak Reference
    __cxa_finalize                            - Undefined Weak Reference
    __sigvec_lookup                           - Undefined Weak Reference
    _atexit_init                              - Undefined Weak Reference
    _call_atexit_fns                          - Undefined Weak Reference
    _clock_init                               - Undefined Weak Reference
    _fp_trap_init                             - Undefined Weak Reference
    _fp_trap_shutdown                         - Undefined Weak Reference
    _get_lc_collate                           - Undefined Weak Reference
    _get_lc_monetary                          - Undefined Weak Reference
    _get_lc_time                              - Undefined Weak Reference
    _getenv_init                              - Undefined Weak Reference
    _handle_redirection                       - Undefined Weak Reference
    _init_alloc                               - Undefined Weak Reference
    _init_user_alloc                          - Undefined Weak Reference
    _initio                                   - Undefined Weak Reference
    _printf_mbtowc                            - Undefined Weak Reference
    _printf_post_padding                      - Undefined Weak Reference
    _printf_pre_padding                       - Undefined Weak Reference
    _printf_truncate_signed                   - Undefined Weak Reference
    _printf_truncate_unsigned                 - Undefined Weak Reference
    _rand_init                                - Undefined Weak Reference
    _signal_finish                            - Undefined Weak Reference
    _signal_init                              - Undefined Weak Reference
    _terminate_alloc                          - Undefined Weak Reference
    _terminate_user_alloc                     - Undefined Weak Reference
    _terminateio                              - Undefined Weak Reference
    __Vectors_End                            0x0000026c   Data           0  startup_tm4c123.o(RESET)
    __Vectors_Size                           0x0000026c   Number         0  startup_tm4c123.o ABSOLUTE
    __main                                   0x0000026d   Thumb Code     8  __main.o(!!!main)
    __scatterload                            0x00000275   Thumb Code     0  __scatter.o(!!!scatter)
    __scatterload_rt2                        0x00000275   Thumb Code    44  __scatter.o(!!!scatter)
    __scatterload_rt2_thumb_only             0x00000275   Thumb Code     0  __scatter.o(!!!scatter)
    __scatterload_null                       0x00000283   Thumb Code     0  __scatter.o(!!!scatter)
    __scatterload_copy                       0x000002a9   Thumb Code    26  __scatter_copy.o(!!handler_copy)
    __scatterload_zeroinit                   0x000002c5   Thumb Code    28  __scatter_zi.o(!!handler_zi)
    _printf_f                                0x000002e1   Thumb Code     0  _printf_f.o(.ARM.Collect$$_printf_percent$$00000003)
    _printf_percent                          0x000002e1   Thumb Code     0  _printf_percent.o(.ARM.Collect$$_printf_percent$$00000000)
    _printf_d                                0x000002e7   Thumb Code     0  _printf_d.o(.ARM.Collect$$_printf_percent$$00000009)
    _printf_c                                0x000002ed   Thumb Code     0  _printf_c.o(.ARM.Collect$$_printf_percent$$00000013)
    _printf_s                                0x000002f3   Thumb Code     0  _printf_s.o(.ARM.Collect$$_printf_percent$$00000014)
    _printf_percent_end                      0x000002f9   Thumb Code     0  _printf_percent_end.o(.ARM.Collect$$_printf_percent$$00000017)
    __rt_lib_init                            0x000002fd   Thumb Code     0  libinit.o(.ARM.Collect$$libinit$$00000000)
    __rt_lib_init_fp_1                       0x000002ff   Thumb Code     0  libinit2.o(.ARM.Collect$$libinit$$00000001)
    __rt_lib_init_heap_1                     0x00000303   Thumb Code     0  libinit2.o(.ARM.Collect$$libinit$$0000000C)
    __rt_lib_init_lc_common                  0x00000303   Thumb Code     0  libinit2.o(.ARM.Collect$$libinit$$00000011)
    __rt_lib_init_preinit_1                  0x00000303   Thumb Code     0  libinit2.o(.ARM.Collect$$libinit$$00000006)
    __rt_lib_init_rand_1                     0x00000303   Thumb Code     0  libinit2.o(.ARM.Collect$$libinit$$00000010)
    __rt_lib_init_relocate_pie_1             0x00000303   Thumb Code     0  libinit2.o(.ARM.Collect$$libinit$$00000004)
    __rt_lib_init_user_alloc_1               0x00000303   Thumb Code     0  libinit2.o(.ARM.Collect$$libinit$$0000000E)
    __rt_lib_init_lc_collate_1               0x00000309   Thumb Code     0  libinit2.o(.ARM.Collect$$libinit$$00000013)
    __rt_lib_init_lc_ctype_2                 0x00000309   Thumb Code     0  libinit2.o(.ARM.Collect$$libinit$$00000014)
    __rt_lib_init_lc_ctype_1                 0x00000315   Thumb Code     0  libinit2.o(.ARM.Collect$$libinit$$00000015)
    __rt_lib_init_lc_monetary_1              0x00000315   Thumb Code     0  libinit2.o(.ARM.Collect$$libinit$$00000017)
    __rt_lib_init_lc_numeric_2               0x00000315   Thumb Code     0  libinit2.o(.ARM.Collect$$libinit$$00000018)
    __rt_lib_init_alloca_1                   0x0000031f   Thumb Code     0  libinit2.o(.ARM.Collect$$libinit$$00000030)
    __rt_lib_init_argv_1                     0x0000031f   Thumb Code     0  libinit2.o(.ARM.Collect$$libinit$$0000002E)
    __rt_lib_init_atexit_1                   0x0000031f   Thumb Code     0  libinit2.o(.ARM.Collect$$libinit$$0000001D)
    __rt_lib_init_clock_1                    0x0000031f   Thumb Code     0  libinit2.o(.ARM.Collect$$libinit$$00000023)
    __rt_lib_init_cpp_1                      0x0000031f   Thumb Code     0  libinit2.o(.ARM.Collect$$libinit$$00000034)
    __rt_lib_init_exceptions_1               0x0000031f   Thumb Code     0  libinit2.o(.ARM.Collect$$libinit$$00000032)
    __rt_lib_init_fp_trap_1                  0x0000031f   Thumb Code     0  libinit2.o(.ARM.Collect$$libinit$$00000021)
    __rt_lib_init_getenv_1                   0x0000031f   Thumb Code     0  libinit2.o(.ARM.Collect$$libinit$$00000025)
    __rt_lib_init_lc_numeric_1               0x0000031f   Thumb Code     0  libinit2.o(.ARM.Collect$$libinit$$00000019)
    __rt_lib_init_lc_time_1                  0x0000031f   Thumb Code     0  libinit2.o(.ARM.Collect$$libinit$$0000001B)
    __rt_lib_init_return                     0x0000031f   Thumb Code     0  libinit2.o(.ARM.Collect$$libinit$$00000035)
    __rt_lib_init_signal_1                   0x0000031f   Thumb Code     0  libinit2.o(.ARM.Collect$$libinit$$0000001F)
    __rt_lib_init_stdio_1                    0x0000031f   Thumb Code     0  libinit2.o(.ARM.Collect$$libinit$$00000027)
    __rt_lib_shutdown                        0x00000321   Thumb Code     0  libshutdown.o(.ARM.Collect$$libshutdown$$00000000)
    __rt_lib_shutdown_cpp_1                  0x00000323   Thumb Code     0  libshutdown2.o(.ARM.Collect$$libshutdown$$00000002)
    __rt_lib_shutdown_fp_trap_1              0x00000323   Thumb Code     0  libshutdown2.o(.ARM.Collect$$libshutdown$$00000007)
    __rt_lib_shutdown_heap_1                 0x00000323   Thumb Code     0  libshutdown2.o(.ARM.Collect$$libshutdown$$0000000F)
    __rt_lib_shutdown_return                 0x00000323   Thumb Code     0  libshutdown2.o(.ARM.Collect$$libshutdown$$00000010)
    __rt_lib_shutdown_signal_1               0x00000323   Thumb Code     0  libshutdown2.o(.ARM.Collect$$libshutdown$$0000000A)
    __rt_lib_shutdown_stdio_1                0x00000323   Thumb Code     0  libshutdown2.o(.ARM.Collect$$libshutdown$$00000004)
    __rt_lib_shutdown_user_alloc_1           0x00000323   Thumb Code     0  libshutdown2.o(.ARM.Collect$$libshutdown$$0000000C)
    __rt_entry                               0x00000325   Thumb Code     0  __rtentry.o(.ARM.Collect$$rtentry$$00000000)
    __rt_entry_presh_1                       0x00000325   Thumb Code     0  __rtentry2.o(.ARM.Collect$$rtentry$$00000002)
    __rt_entry_sh                            0x00000325   Thumb Code     0  __rtentry4.o(.ARM.Collect$$rtentry$$00000004)
    __rt_entry_li                            0x0000032b   Thumb Code     0  __rtentry2.o(.ARM.Collect$$rtentry$$0000000A)
    __rt_entry_postsh_1                      0x0000032b   Thumb Code     0  __rtentry2.o(.ARM.Collect$$rtentry$$00000009)
    __rt_entry_main                          0x0000032f   Thumb Code     0  __rtentry2.o(.ARM.Collect$$rtentry$$0000000D)
    __rt_entry_postli_1                      0x0000032f   Thumb Code     0  __rtentry2.o(.ARM.Collect$$rtentry$$0000000C)
    __rt_exit                                0x00000337   Thumb Code     0  rtexit.o(.ARM.Collect$$rtexit$$00000000)
    __rt_exit_ls                             0x00000339   Thumb Code     0  rtexit2.o(.ARM.Collect$$rtexit$$00000003)
    __rt_exit_prels_1                        0x00000339   Thumb Code     0  rtexit2.o(.ARM.Collect$$rtexit$$00000002)
    __rt_exit_exit                           0x0000033d   Thumb Code     0  rtexit2.o(.ARM.Collect$$rtexit$$00000004)
    Reset_Handler                            0x00000345   Thumb Code     8  startup_tm4c123.o(.text)
    NMI_Handler                              0x0000034d   Thumb Code     2  startup_tm4c123.o(.text)
    HardFault_Handler                        0x0000034f   Thumb Code     2  startup_tm4c123.o(.text)
    MemManage_Handler                        0x00000351   Thumb Code     2  startup_tm4c123.o(.text)
    BusFault_Handler                         0x00000353   Thumb Code     2  startup_tm4c123.o(.text)
    UsageFault_Handler                       0x00000355   Thumb Code     2  startup_tm4c123.o(.text)
    SVC_Handler                              0x00000357   Thumb Code     2  startup_tm4c123.o(.text)
    DebugMon_Handler                         0x00000359   Thumb Code     2  startup_tm4c123.o(.text)
    PendSV_Handler                           0x0000035b   Thumb Code     2  startup_tm4c123.o(.text)
    SysTick_Handler                          0x0000035d   Thumb Code     2  startup_tm4c123.o(.text)
    GPIOA_Handler                            0x0000035f   Thumb Code     2  startup_tm4c123.o(.text)
    GPIOB_Handler                            0x00000361   Thumb Code     2  startup_tm4c123.o(.text)
    GPIOC_Handler                            0x00000363   Thumb Code     2  startup_tm4c123.o(.text)
    GPIOD_Handler                            0x00000365   Thumb Code     2  startup_tm4c123.o(.text)
    GPIOE_Handler                            0x00000367   Thumb Code     2  startup_tm4c123.o(.text)
    UART0_Handler                            0x00000369   Thumb Code     2  startup_tm4c123.o(.text)
    UART1_Handler                            0x0000036b   Thumb Code     2  startup_tm4c123.o(.text)
    SSI0_Handler                             0x0000036d   Thumb Code     2  startup_tm4c123.o(.text)
    I2C0_Handler                             0x0000036f   Thumb Code     2  startup_tm4c123.o(.text)
    PMW0_FAULT_Handler                       0x00000371   Thumb Code     2  startup_tm4c123.o(.text)
    PWM0_0_Handler                           0x00000373   Thumb Code     2  startup_tm4c123.o(.text)
    PWM0_1_Handler                           0x00000375   Thumb Code     2  startup_tm4c123.o(.text)
    PWM0_2_Handler                           0x00000377   Thumb Code     2  startup_tm4c123.o(.text)
    QEI0_Handler                             0x00000379   Thumb Code     2  startup_tm4c123.o(.text)
    ADC0SS0_Handler                          0x0000037b   Thumb Code     2  startup_tm4c123.o(.text)
    ADC0SS1_Handler                          0x0000037d   Thumb Code     2  startup_tm4c123.o(.text)
    ADC0SS2_Handler                          0x0000037f   Thumb Code     2  startup_tm4c123.o(.text)
    ADC0SS3_Handler                          0x00000381   Thumb Code     2  startup_tm4c123.o(.text)
    WDT0_Handler                             0x00000383   Thumb Code     2  startup_tm4c123.o(.text)
    TIMER0A_Handler                          0x00000385   Thumb Code     2  startup_tm4c123.o(.text)
    TIMER0B_Handler                          0x00000387   Thumb Code     2  startup_tm4c123.o(.text)
    TIMER1A_Handler                          0x00000389   Thumb Code     2  startup_tm4c123.o(.text)
    TIMER1B_Handler                          0x0000038b   Thumb Code     2  startup_tm4c123.o(.text)
    TIMER2A_Handler                          0x0000038d   Thumb Code     2  startup_tm4c123.o(.text)
    TIMER2B_Handler                          0x0000038f   Thumb Code     2  startup_tm4c123.o(.text)
    COMP0_Handler                            0x00000391   Thumb Code     2  startup_tm4c123.o(.text)
    COMP1_Handler                            0x00000393   Thumb Code     2  startup_tm4c123.o(.text)
    COMP2_Handler                            0x00000395   Thumb Code     2  startup_tm4c123.o(.text)
    SYSCTL_Handler                           0x00000397   Thumb Code     2  startup_tm4c123.o(.text)
    FLASH_Handler                            0x00000399   Thumb Code     2  startup_tm4c123.o(.text)
    GPIOF_Handler                            0x0000039b   Thumb Code     2  startup_tm4c123.o(.text)
    GPIOG_Handler                            0x0000039d   Thumb Code     2  startup_tm4c123.o(.text)
    GPIOH_Handler                            0x0000039f   Thumb Code     2  startup_tm4c123.o(.text)
    UART2_Handler                            0x000003a1   Thumb Code     2  startup_tm4c123.o(.text)
    SSI1_Handler                             0x000003a3   Thumb Code     2  startup_tm4c123.o(.text)
    TIMER3A_Handler                          0x000003a5   Thumb Code     2  startup_tm4c123.o(.text)
    TIMER3B_Handler                          0x000003a7   Thumb Code     2  startup_tm4c123.o(.text)
    I2C1_Handler                             0x000003a9   Thumb Code     2  startup_tm4c123.o(.text)
    QEI1_Handler                             0x000003ab   Thumb Code     2  startup_tm4c123.o(.text)
    CAN0_Handler                             0x000003ad   Thumb Code     2  startup_tm4c123.o(.text)
    CAN1_Handler                             0x000003af   Thumb Code     2  startup_tm4c123.o(.text)
    CAN2_Handler                             0x000003b1   Thumb Code     2  startup_tm4c123.o(.text)
    HIB_Handler                              0x000003b3   Thumb Code     2  startup_tm4c123.o(.text)
    USB0_Handler                             0x000003b5   Thumb Code     2  startup_tm4c123.o(.text)
    PWM0_3_Handler                           0x000003b7   Thumb Code     2  startup_tm4c123.o(.text)
    UDMA_Handler                             0x000003b9   Thumb Code     2  startup_tm4c123.o(.text)
    UDMAERR_Handler                          0x000003bb   Thumb Code     2  startup_tm4c123.o(.text)
    ADC1SS0_Handler                          0x000003bd   Thumb Code     2  startup_tm4c123.o(.text)
    ADC1SS1_Handler                          0x000003bf   Thumb Code     2  startup_tm4c123.o(.text)
    ADC1SS2_Handler                          0x000003c1   Thumb Code     2  startup_tm4c123.o(.text)
    ADC1SS3_Handler                          0x000003c3   Thumb Code     2  startup_tm4c123.o(.text)
    GPIOJ_Handler                            0x000003c5   Thumb Code     2  startup_tm4c123.o(.text)
    GPIOK_Handler                            0x000003c7   Thumb Code     2  startup_tm4c123.o(.text)
    GPIOL_Handler                            0x000003c9   Thumb Code     2  startup_tm4c123.o(.text)
    SSI2_Handler                             0x000003cb   Thumb Code     2  startup_tm4c123.o(.text)
    SSI3_Handler                             0x000003cd   Thumb Code     2  startup_tm4c123.o(.text)
    UART3_Handler                            0x000003cf   Thumb Code     2  startup_tm4c123.o(.text)
    UART4_Handler                            0x000003d1   Thumb Code     2  startup_tm4c123.o(.text)
    UART5_Handler                            0x000003d3   Thumb Code     2  startup_tm4c123.o(.text)
    UART6_Handler                            0x000003d5   Thumb Code     2  startup_tm4c123.o(.text)
    UART7_Handler                            0x000003d7   Thumb Code     2  startup_tm4c123.o(.text)
    I2C2_Handler                             0x000003d9   Thumb Code     2  startup_tm4c123.o(.text)
    I2C3_Handler                             0x000003db   Thumb Code     2  startup_tm4c123.o(.text)
    TIMER4A_Handler                          0x000003dd   Thumb Code     2  startup_tm4c123.o(.text)
    TIMER4B_Handler                          0x000003df   Thumb Code     2  startup_tm4c123.o(.text)
    TIMER5A_Handler                          0x000003e1   Thumb Code     2  startup_tm4c123.o(.text)
    TIMER5B_Handler                          0x000003e3   Thumb Code     2  startup_tm4c123.o(.text)
    WTIMER0A_Handler                         0x000003e5   Thumb Code     2  startup_tm4c123.o(.text)
    WTIMER0B_Handler                         0x000003e7   Thumb Code     2  startup_tm4c123.o(.text)
    WTIMER1A_Handler                         0x000003e9   Thumb Code     2  startup_tm4c123.o(.text)
    WTIMER1B_Handler                         0x000003eb   Thumb Code     2  startup_tm4c123.o(.text)
    WTIMER2A_Handler                         0x000003ed   Thumb Code     2  startup_tm4c123.o(.text)
    WTIMER2B_Handler                         0x000003ef   Thumb Code     2  startup_tm4c123.o(.text)
    WTIMER3A_Handler                         0x000003f1   Thumb Code     2  startup_tm4c123.o(.text)
    WTIMER3B_Handler                         0x000003f3   Thumb Code     2  startup_tm4c123.o(.text)
    WTIMER4A_Handler                         0x000003f5   Thumb Code     2  startup_tm4c123.o(.text)
    WTIMER4B_Handler                         0x000003f7   Thumb Code     2  startup_tm4c123.o(.text)
    WTIMER5A_Handler                         0x000003f9   Thumb Code     2  startup_tm4c123.o(.text)
    WTIMER5B_Handler                         0x000003fb   Thumb Code     2  startup_tm4c123.o(.text)
    FPU_Handler                              0x000003fd   Thumb Code     2  startup_tm4c123.o(.text)
    I2C4_Handler                             0x000003ff   Thumb Code     2  startup_tm4c123.o(.text)
    I2C5_Handler                             0x00000401   Thumb Code     2  startup_tm4c123.o(.text)
    GPIOM_Handler                            0x00000403   Thumb Code     2  startup_tm4c123.o(.text)
    GPION_Handler                            0x00000405   Thumb Code     2  startup_tm4c123.o(.text)
    QEI2_Handler                             0x00000407   Thumb Code     2  startup_tm4c123.o(.text)
    GPIOP0_Handler                           0x00000409   Thumb Code     2  startup_tm4c123.o(.text)
    GPIOP1_Handler                           0x0000040b   Thumb Code     2  startup_tm4c123.o(.text)
    GPIOP2_Handler                           0x0000040d   Thumb Code     2  startup_tm4c123.o(.text)
    GPIOP3_Handler                           0x0000040f   Thumb Code     2  startup_tm4c123.o(.text)
    GPIOP4_Handler                           0x00000411   Thumb Code     2  startup_tm4c123.o(.text)
    GPIOP5_Handler                           0x00000413   Thumb Code     2  startup_tm4c123.o(.text)
    GPIOP6_Handler                           0x00000415   Thumb Code     2  startup_tm4c123.o(.text)
    GPIOP7_Handler                           0x00000417   Thumb Code     2  startup_tm4c123.o(.text)
    GPIOQ0_Handler                           0x00000419   Thumb Code     2  startup_tm4c123.o(.text)
    GPIOQ1_Handler                           0x0000041b   Thumb Code     2  startup_tm4c123.o(.text)
    GPIOQ2_Handler                           0x0000041d   Thumb Code     2  startup_tm4c123.o(.text)
    GPIOQ3_Handler                           0x0000041f   Thumb Code     2  startup_tm4c123.o(.text)
    GPIOQ4_Handler                           0x00000421   Thumb Code     2  startup_tm4c123.o(.text)
    GPIOQ5_Handler                           0x00000423   Thumb Code     2  startup_tm4c123.o(.text)
    GPIOQ6_Handler                           0x00000425   Thumb Code     2  startup_tm4c123.o(.text)
    GPIOQ7_Handler                           0x00000427   Thumb Code     2  startup_tm4c123.o(.text)
    GPIOR_Handler                            0x00000429   Thumb Code     2  startup_tm4c123.o(.text)
    GPIOS_Handler                            0x0000042b   Thumb Code     2  startup_tm4c123.o(.text)
    PMW1_0_Handler                           0x0000042d   Thumb Code     2  startup_tm4c123.o(.text)
    PWM1_1_Handler                           0x0000042f   Thumb Code     2  startup_tm4c123.o(.text)
    PWM1_2_Handler                           0x00000431   Thumb Code     2  startup_tm4c123.o(.text)
    PWM1_3_Handler                           0x00000433   Thumb Code     2  startup_tm4c123.o(.text)
    PWM1_FAULT_Handler                       0x00000435   Thumb Code     2  startup_tm4c123.o(.text)
    __user_initial_stackheap                 0x00000439   Thumb Code     0  startup_tm4c123.o(.text)
    __2sprintf                               0x00000459   Thumb Code    34  noretval__2sprintf.o(.text)
    _printf_str                              0x00000481   Thumb Code    82  _printf_str.o(.text)
    _printf_int_dec                          0x000004d5   Thumb Code   104  _printf_dec.o(.text)
    __printf                                 0x0000054d   Thumb Code   270  __printf_wp.o(.text)
    strlen                                   0x0000065b   Thumb Code    62  strlen.o(.text)
    __aeabi_memcpy4                          0x00000699   Thumb Code     0  rt_memcpy_w.o(.text)
    __aeabi_memcpy8                          0x00000699   Thumb Code     0  rt_memcpy_w.o(.text)
    __rt_memcpy_w                            0x00000699   Thumb Code   100  rt_memcpy_w.o(.text)
    _memcpy_lastbytes_aligned                0x000006e1   Thumb Code     0  rt_memcpy_w.o(.text)
    __aeabi_memclr4                          0x000006fd   Thumb Code     0  rt_memclr_w.o(.text)
    __aeabi_memclr8                          0x000006fd   Thumb Code     0  rt_memclr_w.o(.text)
    __rt_memclr_w                            0x000006fd   Thumb Code     0  rt_memclr_w.o(.text)
    _memset_w                                0x00000701   Thumb Code    74  rt_memclr_w.o(.text)
    __use_two_region_memory                  0x0000074b   Thumb Code     2  heapauxi.o(.text)
    __rt_heap_escrow$2region                 0x0000074d   Thumb Code     2  heapauxi.o(.text)
    __rt_heap_expand$2region                 0x0000074f   Thumb Code     2  heapauxi.o(.text)
    __read_errno                             0x00000751   Thumb Code    10  _rserrno.o(.text)
    __set_errno                              0x0000075b   Thumb Code    12  _rserrno.o(.text)
    _printf_int_common                       0x00000767   Thumb Code   178  _printf_intcommon.o(.text)
    _printf_fp_dec_real                      0x000009c9   Thumb Code   620  _printf_fp_dec.o(.text)
    _printf_char_common                      0x00000c3f   Thumb Code    32  _printf_char_common.o(.text)
    _sputc                                   0x00000c65   Thumb Code    10  _sputc.o(.text)
    _printf_cs_common                        0x00000c6f   Thumb Code    20  _printf_char.o(.text)
    _printf_char                             0x00000c83   Thumb Code    16  _printf_char.o(.text)
    _printf_string                           0x00000c93   Thumb Code     8  _printf_char.o(.text)
    __strtod_int                             0x00000ce1   Thumb Code    94  strtod.o(.text)
    __rt_locale                              0x00000d4d   Thumb Code     8  rt_locale_intlibspace.o(.text)
    __aeabi_errno_addr                       0x00000d55   Thumb Code     8  rt_errno_addr_intlibspace.o(.text)
    __errno$intlibspace                      0x00000d55   Thumb Code     0  rt_errno_addr_intlibspace.o(.text)
    __rt_errno_addr$intlibspace              0x00000d55   Thumb Code     0  rt_errno_addr_intlibspace.o(.text)
    _ll_udiv10                               0x00000d5d   Thumb Code   138  lludiv10.o(.text)
    isspace                                  0x00000de7   Thumb Code    18  isspace.o(.text)
    _printf_fp_infnan                        0x00000df9   Thumb Code   112  _printf_fp_infnan.o(.text)
    _sgetc                                   0x00000e79   Thumb Code    30  _sgetc.o(.text)
    _sbackspace                              0x00000e97   Thumb Code    34  _sgetc.o(.text)
    _btod_etento                             0x00000eb9   Thumb Code   224  bigflt0.o(.text)
    __user_libspace                          0x00000f9d   Thumb Code     8  libspace.o(.text)
    __user_perproc_libspace                  0x00000f9d   Thumb Code     0  libspace.o(.text)
    __user_perthread_libspace                0x00000f9d   Thumb Code     0  libspace.o(.text)
    __user_setup_stackheap                   0x00000fa5   Thumb Code    74  sys_stackheap_outer.o(.text)
    __rt_ctype_table                         0x00000ff1   Thumb Code    16  rt_ctype_table.o(.text)
    _scanf_really_real                       0x0000124d   Thumb Code   684  scanf_fp.o(.text)
    exit                                     0x000014f9   Thumb Code    18  exit.o(.text)
    strcmp                                   0x00001511   Thumb Code   124  strcmpv7em.o(.text)
    __aeabi_llsl                             0x0000158d   Thumb Code     0  llshl.o(.text)
    _ll_shift_l                              0x0000158d   Thumb Code    38  llshl.o(.text)
    _scanf_really_hex_real                   0x000015b5   Thumb Code   786  scanf_hexfp.o(.text)
    _scanf_really_infnan                     0x000018d5   Thumb Code   292  scanf_infnan.o(.text)
    _sys_exit                                0x00001a09   Thumb Code     8  sys_exit.o(.text)
    _chval                                   0x00001a15   Thumb Code    28  _chval.o(.text)
    __I$use$semihosting                      0x00001a31   Thumb Code     0  use_no_semi.o(.text)
    __use_no_semihosting_swi                 0x00001a31   Thumb Code     2  use_no_semi.o(.text)
    __semihosting_library_function           0x00001a33   Thumb Code     0  indicate_semi.o(.text)
    ClockInit                                0x00001a35   Thumb Code   114  clock.o(.text.ClockInit)
    DelayMicro                               0x00001aa9   Thumb Code    50  clock.o(.text.DelayMicro)
    DelayMilli                               0x00001add   Thumb Code    54  clock.o(.text.DelayMilli)
    DelayNano                                0x00001b15   Thumb Code    44  clock.o(.text.DelayNano)
    FlashDataIsRead                          0x00001b41   Thumb Code    48  flash.o(.text.FlashDataIsRead)
    FlashInit                                0x00001b71   Thumb Code    34  flash.o(.text.FlashInit)
    FlashRead                                0x00001b95   Thumb Code    32  flash.o(.text.FlashRead)
    FlashWrite                               0x00001bb5   Thumb Code   126  flash.o(.text.FlashWrite)
    InitAll                                  0x00001c35   Thumb Code   178  logic.o(.text.InitAll)
    KeypadCreateDefaulteKey                  0x00001ce9   Thumb Code    24  keypad.o(.text.KeypadCreateDefaulteKey)
    KeypadInit                               0x00001d01   Thumb Code    14  keypad.o(.text.KeypadInit)
    KeypadWaitForKeyInfo                     0x00001d11   Thumb Code   262  keypad.o(.text.KeypadWaitForKeyInfo)
    LcdClearDisplay                          0x00001e19   Thumb Code   108  lcd.o(.text.LcdClearDisplay)
    LcdClearLastChar                         0x00001e85   Thumb Code   174  lcd.o(.text.LcdClearLastChar)
    LcdClearRow                              0x00001f35   Thumb Code   114  lcd.o(.text.LcdClearRow)
    LcdInit                                  0x00001fa9   Thumb Code   486  lcd.o(.text.LcdInit)
    LcdPrintChar                             0x00002191   Thumb Code   202  lcd.o(.text.LcdPrintChar)
    LcdPrintCharAt                           0x0000225d   Thumb Code   130  lcd.o(.text.LcdPrintCharAt)
    LcdPrintString                           0x000022e1   Thumb Code    42  lcd.o(.text.LcdPrintString)
    LcdSetCursor                             0x0000230d   Thumb Code   140  lcd.o(.text.LcdSetCursor)
    ParseExpression                          0x00002399   Thumb Code   302  parser.o(.text.ParseExpression)
    ParseNumber                              0x000024c9   Thumb Code   324  parser.o(.text.ParseNumber)
    ParseTerm                                0x00002611   Thumb Code   448  parser.o(.text.ParseTerm)
    ParserCompile                            0x000027d1   Thumb Code   114  parser.o(.text.ParserCompile)
    ParserEndInput                           0x00002845   Thumb Code    26  parser.o(.text.ParserEndInput)
    ParserInit                               0x00002861   Thumb Code    54  parser.o(.text.ParserInit)
    ParserPushToken                          0x00002899   Thumb Code    22  parser.o(.text.ParserPushToken)
    ParserReset                              0x000028b1   Thumb Code    38  parser.o(.text.ParserReset)
    PortAInit                                0x000028d9   Thumb Code    54  ports.o(.text.PortAInit)
    PortBInit                                0x00002911   Thumb Code    54  ports.o(.text.PortBInit)
    PortDInit                                0x00002949   Thumb Code    66  ports.o(.text.PortDInit)
    PortEInit                                0x0000298d   Thumb Code    74  ports.o(.text.PortEInit)
    RandomRange                              0x000029d9   Thumb Code    54  helpers.o(.text.RandomRange)
    RunAllTests                              0x00002a11   Thumb Code     2  test.o(.text.RunAllTests)
    RunCalculator                            0x00002a15   Thumb Code   228  logic.o(.text.RunCalculator)
    RunLogin                                 0x00002b61   Thumb Code   204  logic.o(.text.RunLogin)
    RunLoginAnimation                        0x00002c3d   Thumb Code   156  logic.o(.text.RunLoginAnimation)
    RunMain                                  0x00002cf1   Thumb Code   552  logic.o(.text.RunMain)
    ShowCurrentData                          0x00002f19   Thumb Code   112  logic.o(.text.ShowCurrentData)
    SystemInit                               0x00002f89   Thumb Code   112  system_tm4c123.o(.text.SystemInit)
    TokenListClear                           0x00002ff9   Thumb Code     8  parser.o(.text.TokenListClear)
    TokenListCreate                          0x00003001   Thumb Code     8  parser.o(.text.TokenListCreate)
    TokenListPushBack                        0x00003009   Thumb Code    16  parser.o(.text.TokenListPushBack)
    TokenListRemoveAt                        0x00003019   Thumb Code    48  parser.o(.text.TokenListRemoveAt)
    UpdateRows                               0x00003049   Thumb Code   252  logic.o(.text.UpdateRows)
    charListClear                            0x000031c9   Thumb Code     8  helpers.o(.text.charListClear)
    charListCreate                           0x000031d1   Thumb Code     8  helpers.o(.text.charListCreate)
    charListPushBack                         0x000031d9   Thumb Code    14  helpers.o(.text.charListPushBack)
    charListRemoveAt                         0x000031e9   Thumb Code    46  helpers.o(.text.charListRemoveAt)
    main                                     0x00003219   Thumb Code    18  main.o(.text.main)
    _btod_d2e                                0x0000322b   Thumb Code    62  btod.o(CL$$btod_d2e)
    _d2e_denorm_low                          0x00003269   Thumb Code    70  btod.o(CL$$btod_d2e_denorm_low)
    _d2e_norm_op1                            0x000032af   Thumb Code    96  btod.o(CL$$btod_d2e_norm_op1)
    __btod_div_common                        0x00003311   Thumb Code   696  btod.o(CL$$btod_div_common)
    _e2d                                     0x00003649   Thumb Code   122  btod.o(CL$$btod_e2d)
    _e2e                                     0x000036cd   Thumb Code   220  btod.o(CL$$btod_e2e)
    _btod_ediv                               0x000037a9   Thumb Code    42  btod.o(CL$$btod_ediv)
    _btod_edivd                              0x000037d3   Thumb Code    42  btod.o(CL$$btod_edivd)
    _btod_emul                               0x000037fd   Thumb Code    42  btod.o(CL$$btod_emul)
    _btod_emuld                              0x00003827   Thumb Code    42  btod.o(CL$$btod_emuld)
    __btod_mult_common                       0x00003851   Thumb Code   580  btod.o(CL$$btod_mult_common)
    __ARM_fpclassify                         0x00003a95   Thumb Code    48  fpclassify.o(i.__ARM_fpclassify)
    __hardfp___mathlib_tofloat               0x00003ac9   Thumb Code   232  narrow.o(i.__hardfp___mathlib_tofloat)
    __hardfp_atof                            0x00003bc1   Thumb Code    46  atof.o(i.__hardfp_atof)
    __hardfp_ldexp                           0x00003bf9   Thumb Code   200  ldexp.o(i.__hardfp_ldexp)
    __hardfp_pow                             0x00003cc9   Thumb Code  3088  pow.o(i.__hardfp_pow)
    __kernel_poly                            0x00004929   Thumb Code   248  poly.o(i.__kernel_poly)
    __mathlib_dbl_divzero                    0x00004a21   Thumb Code    28  dunder.o(i.__mathlib_dbl_divzero)
    __mathlib_dbl_infnan2                    0x00004a51   Thumb Code    20  dunder.o(i.__mathlib_dbl_infnan2)
    __mathlib_dbl_invalid                    0x00004a69   Thumb Code    24  dunder.o(i.__mathlib_dbl_invalid)
    __mathlib_dbl_overflow                   0x00004a89   Thumb Code    24  dunder.o(i.__mathlib_dbl_overflow)
    __mathlib_dbl_underflow                  0x00004aa9   Thumb Code    24  dunder.o(i.__mathlib_dbl_underflow)
    __mathlib_narrow                         0x00004ac9   Thumb Code    18  narrow.o(i.__mathlib_narrow)
    __support_ldexp                          0x00004adb   Thumb Code    20  ldexp.o(i.__support_ldexp)
    _is_digit                                0x00004aef   Thumb Code    14  __printf_wp.o(i._is_digit)
    fabs                                     0x00004afd   Thumb Code    24  fabs.o(i.fabs)
    frexp                                    0x00004b19   Thumb Code   118  frexp.o(i.frexp)
    sqrt                                     0x00004ba5   Thumb Code   110  sqrt.o(i.sqrt)
    _get_lc_numeric                          0x00004c15   Thumb Code    44  lc_numeric_c.o(locale$$code)
    _get_lc_ctype                            0x00004c41   Thumb Code    44  lc_ctype_c.o(locale$$code)
    __aeabi_dneg                             0x00004c6d   Thumb Code     0  basic.o(x$fpl$basic)
    _dneg                                    0x00004c6d   Thumb Code     6  basic.o(x$fpl$basic)
    __aeabi_fneg                             0x00004c73   Thumb Code     0  basic.o(x$fpl$basic)
    _fneg                                    0x00004c73   Thumb Code     6  basic.o(x$fpl$basic)
    _dabs                                    0x00004c79   Thumb Code     6  basic.o(x$fpl$basic)
    _fabs                                    0x00004c7f   Thumb Code     6  basic.o(x$fpl$basic)
    __aeabi_d2f                              0x00004c85   Thumb Code     0  d2f.o(x$fpl$d2f)
    _d2f                                     0x00004c85   Thumb Code    98  d2f.o(x$fpl$d2f)
    __aeabi_dadd                             0x00004ce9   Thumb Code     0  daddsub_clz.o(x$fpl$dadd)
    _dadd                                    0x00004ce9   Thumb Code   332  daddsub_clz.o(x$fpl$dadd)
    __fpl_dcheck_NaN1                        0x00004e39   Thumb Code    10  dcheck1.o(x$fpl$dcheck1)
    __fpl_dcmp_Inf                           0x00004e49   Thumb Code    24  dcmpi.o(x$fpl$dcmpinf)
    __aeabi_ddiv                             0x00004e61   Thumb Code     0  ddiv.o(x$fpl$ddiv)
    _ddiv                                    0x00004e61   Thumb Code   556  ddiv.o(x$fpl$ddiv)
    __aeabi_cdcmpeq                          0x00005115   Thumb Code     0  deqf.o(x$fpl$deqf)
    _dcmpeq                                  0x00005115   Thumb Code   120  deqf.o(x$fpl$deqf)
    __aeabi_i2d                              0x0000518d   Thumb Code     0  dflt_clz.o(x$fpl$dflt)
    _dflt                                    0x0000518d   Thumb Code    46  dflt_clz.o(x$fpl$dflt)
    __aeabi_cdcmple                          0x000051bd   Thumb Code     0  dleqf.o(x$fpl$dleqf)
    _dcmple                                  0x000051bd   Thumb Code   120  dleqf.o(x$fpl$dleqf)
    __fpl_dcmple_InfNaN                      0x0000521f   Thumb Code     0  dleqf.o(x$fpl$dleqf)
    __aeabi_dmul                             0x00005235   Thumb Code     0  dmul.o(x$fpl$dmul)
    _dmul                                    0x00005235   Thumb Code   332  dmul.o(x$fpl$dmul)
    __fpl_dnaninf                            0x00005389   Thumb Code   156  dnaninf.o(x$fpl$dnaninf)
    __fpl_dretinf                            0x00005425   Thumb Code    12  dretinf.o(x$fpl$dretinf)
    __aeabi_cdrcmple                         0x00005431   Thumb Code     0  drleqf.o(x$fpl$drleqf)
    _drcmple                                 0x00005431   Thumb Code   108  drleqf.o(x$fpl$drleqf)
    __aeabi_drsub                            0x0000549d   Thumb Code     0  daddsub_clz.o(x$fpl$drsb)
    _drsb                                    0x0000549d   Thumb Code    22  daddsub_clz.o(x$fpl$drsb)
    _dsqrt                                   0x000054b5   Thumb Code   404  dsqrt_umaal.o(x$fpl$dsqrt)
    __aeabi_dsub                             0x0000564d   Thumb Code     0  daddsub_clz.o(x$fpl$dsub)
    _dsub                                    0x0000564d   Thumb Code   472  daddsub_clz.o(x$fpl$dsub)
    __aeabi_f2d                              0x00005829   Thumb Code     0  f2d.o(x$fpl$f2d)
    _f2d                                     0x00005829   Thumb Code    86  f2d.o(x$fpl$f2d)
    __fpl_fnaninf                            0x0000587f   Thumb Code   140  fnaninf.o(x$fpl$fnaninf)
    _fp_init                                 0x0000590b   Thumb Code    26  fpinit.o(x$fpl$fpinit)
    __fplib_config_fpu_vfp                   0x00005923   Thumb Code     0  fpinit.o(x$fpl$fpinit)
    __fplib_config_pureend_doubles           0x00005923   Thumb Code     0  fpinit.o(x$fpl$fpinit)
    __fpl_fretinf                            0x00005925   Thumb Code    10  fretinf.o(x$fpl$fretinf)
    __ieee_status                            0x0000592f   Thumb Code     6  istatus.o(x$fpl$ieeestatus)
    _printf_fp_dec                           0x00005935   Thumb Code     4  printf1.o(x$fpl$printf1)
    __fpl_return_NaN                         0x00005939   Thumb Code   100  retnan.o(x$fpl$retnan)
    __ARM_scalbn                             0x0000599d   Thumb Code    92  scalbn.o(x$fpl$scalbn)
    _scanf_real                              0x000059f9   Thumb Code     4  scanf1.o(x$fpl$scanf1)
    _scanf_hex_real                          0x000059fd   Thumb Code     4  scanf2.o(x$fpl$scanf2)
    _scanf_infnan                            0x00005a01   Thumb Code     4  scanf2.o(x$fpl$scanf2)
    __fpl_cmpreturn                          0x00005a05   Thumb Code    48  trapv.o(x$fpl$trapveneer)
    __I$use$fp                               0x00005a34   Number         0  usenofp.o(x$fpl$usenofp)
    __mathlib_zero                           0x00005ac0   Data           8  qnan.o(.constdata)
    KEYPAD_KEYS                              0x00005ceb   Data          16  keypad.o(.rodata.KEYPAD_KEYS)
    KEYPAD_SPECIAL_KEYS                      0x00005cfb   Data          88  keypad.o(.rodata.KEYPAD_SPECIAL_KEYS)
    Region$$Table$$Base                      0x00005d6c   Number         0  anon$$obj.o(Region$$Table)
    Region$$Table$$Limit                     0x00005d8c   Number         0  anon$$obj.o(Region$$Table)
    __aeabi_HUGE_VAL                         0x00005d8c   Data           0  fpconst.o(c$$dinf)
    __aeabi_HUGE_VALL                        0x00005d8c   Data           0  fpconst.o(c$$dinf)
    __aeabi_INFINITY                         0x00005d8c   Data           0  fpconst.o(c$$dinf)
    __dInf                                   0x00005d8c   Data           0  fpconst.o(c$$dinf)
    __huge_val                               0x00005d8c   Data           0  fpconst.o(c$$dinf)
    __dbl_max                                0x00005d94   Data           0  fpconst.o(c$$dmax)
    __ctype                                  0x00005dc5   Data           0  lc_ctype_c.o(locale$$data)
    flashData                                0x20000000   Data         104  logic.o(.data.flashData)
    randSeed                                 0x20000068   Data           4  helpers.o(.data.randSeed)
    __libspace_start                         0x20000070   Data          96  libspace.o(.bss)
    __temporary_stack_top$libspace           0x200000d0   Data           0  libspace.o(.bss)
    currentCol                               0x200000d0   Data           4  lcd.o(.bss.currentCol)
    currentResult                            0x200000d4   Data           4  parser.o(.bss.currentResult)
    currentRow                               0x200000d8   Data           4  lcd.o(.bss.currentRow)
    flashWriteKey                            0x200000dc   Data           4  flash.o(.bss.flashWriteKey)
    inputData                                0x200000e0   Data         108  logic.o(.bss.inputData)
    isInit                                   0x2000014c   Data           1  logic.o(.bss.isInit)
    isShiftOn                                0x2000014d   Data           1  logic.o(.bss.isShiftOn)
    mode                                     0x2000014e   Data           1  logic.o(.bss.mode)
    previousResult                           0x20000150   Data           4  parser.o(.bss.previousResult)
    tokenData                                0x20000154   Data         208  logic.o(.bss.tokenData)
    tokens                                   0x20000224   Data         208  parser.o(.bss.tokens)



==============================================================================

Memory Map of the image

  Image Entry point : 0x00000345

  Load Region LR_1 (Base: 0x00000000, Size: 0x00005f34, Max: 0xffffffff, ABSOLUTE)

    Execution Region ER_RO (Exec base: 0x00000000, Load base: 0x00000000, Size: 0x00005ec8, Max: 0xffffffff, ABSOLUTE)

    Exec Addr    Load Addr    Size         Type   Attr      Idx    E Section Name        Object

    0x00000000   0x00000000   0x0000026c   Data   RO          396    RESET               startup_tm4c123.o
    0x0000026c   0x0000026c   0x00000008   Code   RO          461  * !!!main             c_w.l(__main.o)
    0x00000274   0x00000274   0x00000034   Code   RO          852    !!!scatter          c_w.l(__scatter.o)
    0x000002a8   0x000002a8   0x0000001a   Code   RO          854    !!handler_copy      c_w.l(__scatter_copy.o)
    0x000002c2   0x000002c2   0x00000002   PAD
    0x000002c4   0x000002c4   0x0000001c   Code   RO          856    !!handler_zi        c_w.l(__scatter_zi.o)
    0x000002e0   0x000002e0   0x00000000   Code   RO          452    .ARM.Collect$$_printf_percent$$00000000  c_w.l(_printf_percent.o)
    0x000002e0   0x000002e0   0x00000006   Code   RO          451    .ARM.Collect$$_printf_percent$$00000003  c_w.l(_printf_f.o)
    0x000002e6   0x000002e6   0x00000006   Code   RO          450    .ARM.Collect$$_printf_percent$$00000009  c_w.l(_printf_d.o)
    0x000002ec   0x000002ec   0x00000006   Code   RO          448    .ARM.Collect$$_printf_percent$$00000013  c_w.l(_printf_c.o)
    0x000002f2   0x000002f2   0x00000006   Code   RO          449    .ARM.Collect$$_printf_percent$$00000014  c_w.l(_printf_s.o)
    0x000002f8   0x000002f8   0x00000004   Code   RO          499    .ARM.Collect$$_printf_percent$$00000017  c_w.l(_printf_percent_end.o)
    0x000002fc   0x000002fc   0x00000002   Code   RO          661    .ARM.Collect$$libinit$$00000000  c_w.l(libinit.o)
    0x000002fe   0x000002fe   0x00000004   Code   RO          662    .ARM.Collect$$libinit$$00000001  c_w.l(libinit2.o)
    0x00000302   0x00000302   0x00000000   Code   RO          665    .ARM.Collect$$libinit$$00000004  c_w.l(libinit2.o)
    0x00000302   0x00000302   0x00000000   Code   RO          667    .ARM.Collect$$libinit$$00000006  c_w.l(libinit2.o)
    0x00000302   0x00000302   0x00000000   Code   RO          670    .ARM.Collect$$libinit$$0000000C  c_w.l(libinit2.o)
    0x00000302   0x00000302   0x00000000   Code   RO          672    .ARM.Collect$$libinit$$0000000E  c_w.l(libinit2.o)
    0x00000302   0x00000302   0x00000000   Code   RO          674    .ARM.Collect$$libinit$$00000010  c_w.l(libinit2.o)
    0x00000302   0x00000302   0x00000006   Code   RO          675    .ARM.Collect$$libinit$$00000011  c_w.l(libinit2.o)
    0x00000308   0x00000308   0x00000000   Code   RO          677    .ARM.Collect$$libinit$$00000013  c_w.l(libinit2.o)
    0x00000308   0x00000308   0x0000000c   Code   RO          678    .ARM.Collect$$libinit$$00000014  c_w.l(libinit2.o)
    0x00000314   0x00000314   0x00000000   Code   RO          679    .ARM.Collect$$libinit$$00000015  c_w.l(libinit2.o)
    0x00000314   0x00000314   0x00000000   Code   RO          681    .ARM.Collect$$libinit$$00000017  c_w.l(libinit2.o)
    0x00000314   0x00000314   0x0000000a   Code   RO          682    .ARM.Collect$$libinit$$00000018  c_w.l(libinit2.o)
    0x0000031e   0x0000031e   0x00000000   Code   RO          683    .ARM.Collect$$libinit$$00000019  c_w.l(libinit2.o)
    0x0000031e   0x0000031e   0x00000000   Code   RO          685    .ARM.Collect$$libinit$$0000001B  c_w.l(libinit2.o)
    0x0000031e   0x0000031e   0x00000000   Code   RO          687    .ARM.Collect$$libinit$$0000001D  c_w.l(libinit2.o)
    0x0000031e   0x0000031e   0x00000000   Code   RO          689    .ARM.Collect$$libinit$$0000001F  c_w.l(libinit2.o)
    0x0000031e   0x0000031e   0x00000000   Code   RO          691    .ARM.Collect$$libinit$$00000021  c_w.l(libinit2.o)
    0x0000031e   0x0000031e   0x00000000   Code   RO          693    .ARM.Collect$$libinit$$00000023  c_w.l(libinit2.o)
    0x0000031e   0x0000031e   0x00000000   Code   RO          695    .ARM.Collect$$libinit$$00000025  c_w.l(libinit2.o)
    0x0000031e   0x0000031e   0x00000000   Code   RO          697    .ARM.Collect$$libinit$$00000027  c_w.l(libinit2.o)
    0x0000031e   0x0000031e   0x00000000   Code   RO          701    .ARM.Collect$$libinit$$0000002E  c_w.l(libinit2.o)
    0x0000031e   0x0000031e   0x00000000   Code   RO          703    .ARM.Collect$$libinit$$00000030  c_w.l(libinit2.o)
    0x0000031e   0x0000031e   0x00000000   Code   RO          705    .ARM.Collect$$libinit$$00000032  c_w.l(libinit2.o)
    0x0000031e   0x0000031e   0x00000000   Code   RO          707    .ARM.Collect$$libinit$$00000034  c_w.l(libinit2.o)
    0x0000031e   0x0000031e   0x00000002   Code   RO          708    .ARM.Collect$$libinit$$00000035  c_w.l(libinit2.o)
    0x00000320   0x00000320   0x00000002   Code   RO          790    .ARM.Collect$$libshutdown$$00000000  c_w.l(libshutdown.o)
    0x00000322   0x00000322   0x00000000   Code   RO          809    .ARM.Collect$$libshutdown$$00000002  c_w.l(libshutdown2.o)
    0x00000322   0x00000322   0x00000000   Code   RO          811    .ARM.Collect$$libshutdown$$00000004  c_w.l(libshutdown2.o)
    0x00000322   0x00000322   0x00000000   Code   RO          814    .ARM.Collect$$libshutdown$$00000007  c_w.l(libshutdown2.o)
    0x00000322   0x00000322   0x00000000   Code   RO          817    .ARM.Collect$$libshutdown$$0000000A  c_w.l(libshutdown2.o)
    0x00000322   0x00000322   0x00000000   Code   RO          819    .ARM.Collect$$libshutdown$$0000000C  c_w.l(libshutdown2.o)
    0x00000322   0x00000322   0x00000000   Code   RO          822    .ARM.Collect$$libshutdown$$0000000F  c_w.l(libshutdown2.o)
    0x00000322   0x00000322   0x00000002   Code   RO          823    .ARM.Collect$$libshutdown$$00000010  c_w.l(libshutdown2.o)
    0x00000324   0x00000324   0x00000000   Code   RO          484    .ARM.Collect$$rtentry$$00000000  c_w.l(__rtentry.o)
    0x00000324   0x00000324   0x00000000   Code   RO          565    .ARM.Collect$$rtentry$$00000002  c_w.l(__rtentry2.o)
    0x00000324   0x00000324   0x00000006   Code   RO          577    .ARM.Collect$$rtentry$$00000004  c_w.l(__rtentry4.o)
    0x0000032a   0x0000032a   0x00000000   Code   RO          567    .ARM.Collect$$rtentry$$00000009  c_w.l(__rtentry2.o)
    0x0000032a   0x0000032a   0x00000004   Code   RO          568    .ARM.Collect$$rtentry$$0000000A  c_w.l(__rtentry2.o)
    0x0000032e   0x0000032e   0x00000000   Code   RO          570    .ARM.Collect$$rtentry$$0000000C  c_w.l(__rtentry2.o)
    0x0000032e   0x0000032e   0x00000008   Code   RO          571    .ARM.Collect$$rtentry$$0000000D  c_w.l(__rtentry2.o)
    0x00000336   0x00000336   0x00000002   Code   RO          713    .ARM.Collect$$rtexit$$00000000  c_w.l(rtexit.o)
    0x00000338   0x00000338   0x00000000   Code   RO          750    .ARM.Collect$$rtexit$$00000002  c_w.l(rtexit2.o)
    0x00000338   0x00000338   0x00000004   Code   RO          751    .ARM.Collect$$rtexit$$00000003  c_w.l(rtexit2.o)
    0x0000033c   0x0000033c   0x00000006   Code   RO          752    .ARM.Collect$$rtexit$$00000004  c_w.l(rtexit2.o)
    0x00000342   0x00000342   0x00000002   PAD
    0x00000344   0x00000344   0x00000114   Code   RO          397  * .text               startup_tm4c123.o
    0x00000458   0x00000458   0x00000028   Code   RO          420    .text               c_w.l(noretval__2sprintf.o)
    0x00000480   0x00000480   0x00000052   Code   RO          424    .text               c_w.l(_printf_str.o)
    0x000004d2   0x000004d2   0x00000002   PAD
    0x000004d4   0x000004d4   0x00000078   Code   RO          426    .text               c_w.l(_printf_dec.o)
    0x0000054c   0x0000054c   0x0000010e   Code   RO          436    .text               c_w.l(__printf_wp.o)
    0x0000065a   0x0000065a   0x0000003e   Code   RO          453    .text               c_w.l(strlen.o)
    0x00000698   0x00000698   0x00000064   Code   RO          455    .text               c_w.l(rt_memcpy_w.o)
    0x000006fc   0x000006fc   0x0000004e   Code   RO          457    .text               c_w.l(rt_memclr_w.o)
    0x0000074a   0x0000074a   0x00000006   Code   RO          459    .text               c_w.l(heapauxi.o)
    0x00000750   0x00000750   0x00000016   Code   RO          485    .text               c_w.l(_rserrno.o)
    0x00000766   0x00000766   0x000000b2   Code   RO          487    .text               c_w.l(_printf_intcommon.o)
    0x00000818   0x00000818   0x0000041c   Code   RO          489    .text               c_w.l(_printf_fp_dec.o)
    0x00000c34   0x00000c34   0x00000030   Code   RO          493    .text               c_w.l(_printf_char_common.o)
    0x00000c64   0x00000c64   0x0000000a   Code   RO          495    .text               c_w.l(_sputc.o)
    0x00000c6e   0x00000c6e   0x0000002c   Code   RO          497    .text               c_w.l(_printf_char.o)
    0x00000c9a   0x00000c9a   0x00000002   PAD
    0x00000c9c   0x00000c9c   0x000000b0   Code   RO          500    .text               c_w.l(strtod.o)
    0x00000d4c   0x00000d4c   0x00000008   Code   RO          582    .text               c_w.l(rt_locale_intlibspace.o)
    0x00000d54   0x00000d54   0x00000008   Code   RO          587    .text               c_w.l(rt_errno_addr_intlibspace.o)
    0x00000d5c   0x00000d5c   0x0000008a   Code   RO          589    .text               c_w.l(lludiv10.o)
    0x00000de6   0x00000de6   0x00000012   Code   RO          591    .text               c_w.l(isspace.o)
    0x00000df8   0x00000df8   0x00000080   Code   RO          593    .text               c_w.l(_printf_fp_infnan.o)
    0x00000e78   0x00000e78   0x00000040   Code   RO          597    .text               c_w.l(_sgetc.o)
    0x00000eb8   0x00000eb8   0x000000e4   Code   RO          599    .text               c_w.l(bigflt0.o)
    0x00000f9c   0x00000f9c   0x00000008   Code   RO          639    .text               c_w.l(libspace.o)
    0x00000fa4   0x00000fa4   0x0000004a   Code   RO          642    .text               c_w.l(sys_stackheap_outer.o)
    0x00000fee   0x00000fee   0x00000002   PAD
    0x00000ff0   0x00000ff0   0x00000010   Code   RO          644    .text               c_w.l(rt_ctype_table.o)
    0x00001000   0x00001000   0x000004f8   Code   RO          646    .text               c_w.l(scanf_fp.o)
    0x000014f8   0x000014f8   0x00000012   Code   RO          652    .text               c_w.l(exit.o)
    0x0000150a   0x0000150a   0x00000006   PAD
    0x00001510   0x00001510   0x0000007c   Code   RO          654    .text               c_w.l(strcmpv7em.o)
    0x0000158c   0x0000158c   0x00000026   Code   RO          715    .text               c_w.l(llshl.o)
    0x000015b2   0x000015b2   0x00000002   PAD
    0x000015b4   0x000015b4   0x00000320   Code   RO          756    .text               c_w.l(scanf_hexfp.o)
    0x000018d4   0x000018d4   0x00000134   Code   RO          758    .text               c_w.l(scanf_infnan.o)
    0x00001a08   0x00001a08   0x0000000c   Code   RO          774    .text               c_w.l(sys_exit.o)
    0x00001a14   0x00001a14   0x0000001c   Code   RO          782    .text               c_w.l(_chval.o)
    0x00001a30   0x00001a30   0x00000002   Code   RO          799    .text               c_w.l(use_no_semi.o)
    0x00001a32   0x00001a32   0x00000000   Code   RO          801    .text               c_w.l(indicate_semi.o)
    0x00001a32   0x00001a32   0x00000002   PAD
    0x00001a34   0x00001a34   0x00000072   Code   RO            6    .text.ClockInit     clock.o
    0x00001aa6   0x00001aa6   0x00000002   PAD
    0x00001aa8   0x00001aa8   0x00000032   Code   RO           12    .text.DelayMicro    clock.o
    0x00001ada   0x00001ada   0x00000002   PAD
    0x00001adc   0x00001adc   0x00000036   Code   RO           14    .text.DelayMilli    clock.o
    0x00001b12   0x00001b12   0x00000002   PAD
    0x00001b14   0x00001b14   0x0000002c   Code   RO           10    .text.DelayNano     clock.o
    0x00001b40   0x00001b40   0x00000030   Code   RO          300    .text.FlashDataIsRead  flash.o
    0x00001b70   0x00001b70   0x00000022   Code   RO          296    .text.FlashInit     flash.o
    0x00001b92   0x00001b92   0x00000002   PAD
    0x00001b94   0x00001b94   0x00000020   Code   RO          304    .text.FlashRead     flash.o
    0x00001bb4   0x00001bb4   0x0000007e   Code   RO          302    .text.FlashWrite    flash.o
    0x00001c32   0x00001c32   0x00000002   PAD
    0x00001c34   0x00001c34   0x000000b2   Code   RO          315    .text.InitAll       logic.o
    0x00001ce6   0x00001ce6   0x00000002   PAD
    0x00001ce8   0x00001ce8   0x00000018   Code   RO           57    .text.KeypadCreateDefaulteKey  keypad.o
    0x00001d00   0x00001d00   0x0000000e   Code   RO           53    .text.KeypadInit    keypad.o
    0x00001d0e   0x00001d0e   0x00000002   PAD
    0x00001d10   0x00001d10   0x00000106   Code   RO           59    .text.KeypadWaitForKeyInfo  keypad.o
    0x00001e16   0x00001e16   0x00000002   PAD
    0x00001e18   0x00001e18   0x0000006c   Code   RO           77    .text.LcdClearDisplay  lcd.o
    0x00001e84   0x00001e84   0x000000ae   Code   RO          107    .text.LcdClearLastChar  lcd.o
    0x00001f32   0x00001f32   0x00000002   PAD
    0x00001f34   0x00001f34   0x00000072   Code   RO          105    .text.LcdClearRow   lcd.o
    0x00001fa6   0x00001fa6   0x00000002   PAD
    0x00001fa8   0x00001fa8   0x000001e6   Code   RO           89    .text.LcdInit       lcd.o
    0x0000218e   0x0000218e   0x00000002   PAD
    0x00002190   0x00002190   0x000000ca   Code   RO           99    .text.LcdPrintChar  lcd.o
    0x0000225a   0x0000225a   0x00000002   PAD
    0x0000225c   0x0000225c   0x00000082   Code   RO          101    .text.LcdPrintCharAt  lcd.o
    0x000022de   0x000022de   0x00000002   PAD
    0x000022e0   0x000022e0   0x0000002a   Code   RO          103    .text.LcdPrintString  lcd.o
    0x0000230a   0x0000230a   0x00000002   PAD
    0x0000230c   0x0000230c   0x0000008c   Code   RO           93    .text.LcdSetCursor  lcd.o
    0x00002398   0x00002398   0x0000012e   Code   RO          279    .text.ParseExpression  parser.o
    0x000024c6   0x000024c6   0x00000002   PAD
    0x000024c8   0x000024c8   0x00000144   Code   RO          283    .text.ParseNumber   parser.o
    0x0000260c   0x0000260c   0x00000004   PAD
    0x00002610   0x00002610   0x000001c0   Code   RO          281    .text.ParseTerm     parser.o
    0x000027d0   0x000027d0   0x00000072   Code   RO          275    .text.ParserCompile  parser.o
    0x00002842   0x00002842   0x00000002   PAD
    0x00002844   0x00002844   0x0000001a   Code   RO          263    .text.ParserEndInput  parser.o
    0x0000285e   0x0000285e   0x00000002   PAD
    0x00002860   0x00002860   0x00000036   Code   RO          267    .text.ParserInit    parser.o
    0x00002896   0x00002896   0x00000002   PAD
    0x00002898   0x00002898   0x00000016   Code   RO          261    .text.ParserPushToken  parser.o
    0x000028ae   0x000028ae   0x00000002   PAD
    0x000028b0   0x000028b0   0x00000026   Code   RO          273    .text.ParserReset   parser.o
    0x000028d6   0x000028d6   0x00000002   PAD
    0x000028d8   0x000028d8   0x00000036   Code   RO          136    .text.PortAInit     ports.o
    0x0000290e   0x0000290e   0x00000002   PAD
    0x00002910   0x00002910   0x00000036   Code   RO          134    .text.PortBInit     ports.o
    0x00002946   0x00002946   0x00000002   PAD
    0x00002948   0x00002948   0x00000042   Code   RO          132    .text.PortDInit     ports.o
    0x0000298a   0x0000298a   0x00000002   PAD
    0x0000298c   0x0000298c   0x0000004a   Code   RO          130    .text.PortEInit     ports.o
    0x000029d6   0x000029d6   0x00000002   PAD
    0x000029d8   0x000029d8   0x00000036   Code   RO           38    .text.RandomRange   helpers.o
    0x00002a0e   0x00002a0e   0x00000002   PAD
    0x00002a10   0x00002a10   0x00000002   Code   RO          384    .text.RunAllTests   test.o
    0x00002a12   0x00002a12   0x00000002   PAD
    0x00002a14   0x00002a14   0x0000014c   Code   RO          321    .text.RunCalculator  logic.o
    0x00002b60   0x00002b60   0x000000dc   Code   RO          327    .text.RunLogin      logic.o
    0x00002c3c   0x00002c3c   0x000000b4   Code   RO          325    .text.RunLoginAnimation  logic.o
    0x00002cf0   0x00002cf0   0x00000228   Code   RO          351    .text.RunMain       logic.o
    0x00002f18   0x00002f18   0x00000070   Code   RO          349    .text.ShowCurrentData  logic.o
    0x00002f88   0x00002f88   0x00000070   Code   RO          405    .text.SystemInit    system_tm4c123.o
    0x00002ff8   0x00002ff8   0x00000008   Code   RO          247    .text.TokenListClear  parser.o
    0x00003000   0x00003000   0x00000008   Code   RO          245    .text.TokenListCreate  parser.o
    0x00003008   0x00003008   0x00000010   Code   RO          249    .text.TokenListPushBack  parser.o
    0x00003018   0x00003018   0x00000030   Code   RO          255    .text.TokenListRemoveAt  parser.o
    0x00003048   0x00003048   0x00000180   Code   RO          335    .text.UpdateRows    logic.o
    0x000031c8   0x000031c8   0x00000008   Code   RO           26    .text.charListClear  helpers.o
    0x000031d0   0x000031d0   0x00000008   Code   RO           24    .text.charListCreate  helpers.o
    0x000031d8   0x000031d8   0x0000000e   Code   RO           28    .text.charListPushBack  helpers.o
    0x000031e6   0x000031e6   0x00000002   PAD
    0x000031e8   0x000031e8   0x0000002e   Code   RO           34    .text.charListRemoveAt  helpers.o
    0x00003216   0x00003216   0x00000002   PAD
    0x00003218   0x00003218   0x00000012   Code   RO          121    .text.main          main.o
    0x0000322a   0x0000322a   0x0000003e   Code   RO          602    CL$$btod_d2e        c_w.l(btod.o)
    0x00003268   0x00003268   0x00000046   Code   RO          604    CL$$btod_d2e_denorm_low  c_w.l(btod.o)
    0x000032ae   0x000032ae   0x00000060   Code   RO          603    CL$$btod_d2e_norm_op1  c_w.l(btod.o)
    0x0000330e   0x0000330e   0x00000002   PAD
    0x00003310   0x00003310   0x00000338   Code   RO          612    CL$$btod_div_common  c_w.l(btod.o)
    0x00003648   0x00003648   0x00000084   Code   RO          610    CL$$btod_e2d        c_w.l(btod.o)
    0x000036cc   0x000036cc   0x000000dc   Code   RO          609    CL$$btod_e2e        c_w.l(btod.o)
    0x000037a8   0x000037a8   0x0000002a   Code   RO          606    CL$$btod_ediv       c_w.l(btod.o)
    0x000037d2   0x000037d2   0x0000002a   Code   RO          608    CL$$btod_edivd      c_w.l(btod.o)
    0x000037fc   0x000037fc   0x0000002a   Code   RO          605    CL$$btod_emul       c_w.l(btod.o)
    0x00003826   0x00003826   0x0000002a   Code   RO          607    CL$$btod_emuld      c_w.l(btod.o)
    0x00003850   0x00003850   0x00000244   Code   RO          611    CL$$btod_mult_common  c_w.l(btod.o)
    0x00003a94   0x00003a94   0x00000030   Code   RO          553    i.__ARM_fpclassify  m_wm.l(fpclassify.o)
    0x00003ac4   0x00003ac4   0x00000004   PAD
    0x00003ac8   0x00003ac8   0x000000f8   Code   RO          741    i.__hardfp___mathlib_tofloat  m_wm.l(narrow.o)
    0x00003bc0   0x00003bc0   0x00000038   Code   RO          471    i.__hardfp_atof     m_wm.l(atof.o)
    0x00003bf8   0x00003bf8   0x000000d0   Code   RO          791    i.__hardfp_ldexp    m_wm.l(ldexp.o)
    0x00003cc8   0x00003cc8   0x00000c60   Code   RO          477    i.__hardfp_pow      m_wm.l(pow.o)
    0x00004928   0x00004928   0x000000f8   Code   RO          555    i.__kernel_poly     m_wm.l(poly.o)
    0x00004a20   0x00004a20   0x00000030   Code   RO          533    i.__mathlib_dbl_divzero  m_wm.l(dunder.o)
    0x00004a50   0x00004a50   0x00000014   Code   RO          535    i.__mathlib_dbl_infnan2  m_wm.l(dunder.o)
    0x00004a64   0x00004a64   0x00000004   PAD
    0x00004a68   0x00004a68   0x00000020   Code   RO          536    i.__mathlib_dbl_invalid  m_wm.l(dunder.o)
    0x00004a88   0x00004a88   0x00000020   Code   RO          537    i.__mathlib_dbl_overflow  m_wm.l(dunder.o)
    0x00004aa8   0x00004aa8   0x00000020   Code   RO          539    i.__mathlib_dbl_underflow  m_wm.l(dunder.o)
    0x00004ac8   0x00004ac8   0x00000012   Code   RO          742    i.__mathlib_narrow  m_wm.l(narrow.o)
    0x00004ada   0x00004ada   0x00000014   Code   RO          793    i.__support_ldexp   m_wm.l(ldexp.o)
    0x00004aee   0x00004aee   0x0000000e   Code   RO          438    i._is_digit         c_w.l(__printf_wp.o)
    0x00004afc   0x00004afc   0x00000018   Code   RO          549    i.fabs              m_wm.l(fabs.o)
    0x00004b14   0x00004b14   0x00000004   PAD
    0x00004b18   0x00004b18   0x0000008c   Code   RO          768    i.frexp             m_wm.l(frexp.o)
    0x00004ba4   0x00004ba4   0x0000006e   Code   RO          560    i.sqrt              m_wm.l(sqrt.o)
    0x00004c12   0x00004c12   0x00000002   PAD
    0x00004c14   0x00004c14   0x0000002c   Code   RO          627    locale$$code        c_w.l(lc_numeric_c.o)
    0x00004c40   0x00004c40   0x0000002c   Code   RO          723    locale$$code        c_w.l(lc_ctype_c.o)
    0x00004c6c   0x00004c6c   0x00000018   Code   RO          502    x$fpl$basic         fz_wm.l(basic.o)
    0x00004c84   0x00004c84   0x00000062   Code   RO          463    x$fpl$d2f           fz_wm.l(d2f.o)
    0x00004ce6   0x00004ce6   0x00000002   PAD
    0x00004ce8   0x00004ce8   0x00000150   Code   RO          504    x$fpl$dadd          fz_wm.l(daddsub_clz.o)
    0x00004e38   0x00004e38   0x00000010   Code   RO          629    x$fpl$dcheck1       fz_wm.l(dcheck1.o)
    0x00004e48   0x00004e48   0x00000018   Code   RO          709    x$fpl$dcmpinf       fz_wm.l(dcmpi.o)
    0x00004e60   0x00004e60   0x000002b4   Code   RO          511    x$fpl$ddiv          fz_wm.l(ddiv.o)
    0x00005114   0x00005114   0x00000078   Code   RO          764    x$fpl$deqf          fz_wm.l(deqf.o)
    0x0000518c   0x0000518c   0x0000002e   Code   RO          515    x$fpl$dflt          fz_wm.l(dflt_clz.o)
    0x000051ba   0x000051ba   0x00000002   PAD
    0x000051bc   0x000051bc   0x00000078   Code   RO          631    x$fpl$dleqf         fz_wm.l(dleqf.o)
    0x00005234   0x00005234   0x00000154   Code   RO          465    x$fpl$dmul          fz_wm.l(dmul.o)
    0x00005388   0x00005388   0x0000009c   Code   RO          520    x$fpl$dnaninf       fz_wm.l(dnaninf.o)
    0x00005424   0x00005424   0x0000000c   Code   RO          522    x$fpl$dretinf       fz_wm.l(dretinf.o)
    0x00005430   0x00005430   0x0000006c   Code   RO          524    x$fpl$drleqf        fz_wm.l(drleqf.o)
    0x0000549c   0x0000549c   0x00000016   Code   RO          505    x$fpl$drsb          fz_wm.l(daddsub_clz.o)
    0x000054b2   0x000054b2   0x00000002   PAD
    0x000054b4   0x000054b4   0x00000198   Code   RO          633    x$fpl$dsqrt         fz_wm.l(dsqrt_umaal.o)
    0x0000564c   0x0000564c   0x000001dc   Code   RO          506    x$fpl$dsub          fz_wm.l(daddsub_clz.o)
    0x00005828   0x00005828   0x00000056   Code   RO          467    x$fpl$f2d           fz_wm.l(f2d.o)
    0x0000587e   0x0000587e   0x0000008c   Code   RO          526    x$fpl$fnaninf       fz_wm.l(fnaninf.o)
    0x0000590a   0x0000590a   0x0000001a   Code   RO          731    x$fpl$fpinit        fz_wm.l(fpinit.o)
    0x00005924   0x00005924   0x0000000a   Code   RO          528    x$fpl$fretinf       fz_wm.l(fretinf.o)
    0x0000592e   0x0000592e   0x00000006   Code   RO          635    x$fpl$ieeestatus    fz_wm.l(istatus.o)
    0x00005934   0x00005934   0x00000004   Code   RO          469    x$fpl$printf1       fz_wm.l(printf1.o)
    0x00005938   0x00005938   0x00000064   Code   RO          711    x$fpl$retnan        fz_wm.l(retnan.o)
    0x0000599c   0x0000599c   0x0000005c   Code   RO          530    x$fpl$scalbn        fz_wm.l(scalbn.o)
    0x000059f8   0x000059f8   0x00000004   Code   RO          637    x$fpl$scanf1        fz_wm.l(scanf1.o)
    0x000059fc   0x000059fc   0x00000008   Code   RO          733    x$fpl$scanf2        fz_wm.l(scanf2.o)
    0x00005a04   0x00005a04   0x00000030   Code   RO          739    x$fpl$trapveneer    fz_wm.l(trapv.o)
    0x00005a34   0x00005a34   0x00000000   Code   RO          532    x$fpl$usenofp       fz_wm.l(usenofp.o)
    0x00005a34   0x00005a34   0x00000004   PAD
    0x00005a38   0x00005a38   0x00000088   Data   RO          480    .constdata          m_wm.l(pow.o)
    0x00005ac0   0x00005ac0   0x00000008   Data   RO          557    .constdata          m_wm.l(qnan.o)
    0x00005ac8   0x00005ac8   0x00000094   Data   RO          600    .constdata          c_w.l(bigflt0.o)
    0x00005b5c   0x00005b5c   0x0000018f   Data   RO          360    .rodata..L__const.RunLoginAnimation.frames  logic.o
    0x00005ceb   0x00005ceb   0x00000010   Data   RO           61    .rodata.KEYPAD_KEYS  keypad.o
    0x00005cfb   0x00005cfb   0x00000058   Data   RO           62    .rodata.KEYPAD_SPECIAL_KEYS  keypad.o
    0x00005d53   0x00005d53   0x00000016   Data   RO          361    .rodata.str1.1      logic.o
    0x00005d69   0x00005d69   0x00000003   PAD
    0x00005d6c   0x00005d6c   0x00000020   Data   RO          851    Region$$Table       anon$$obj.o
    0x00005d8c   0x00005d8c   0x00000008   Data   RO          727    c$$dinf             fz_wm.l(fpconst.o)
    0x00005d94   0x00005d94   0x00000008   Data   RO          730    c$$dmax             fz_wm.l(fpconst.o)
    0x00005d9c   0x00005d9c   0x0000001c   Data   RO          626    locale$$data        c_w.l(lc_numeric_c.o)
    0x00005db8   0x00005db8   0x00000110   Data   RO          722    locale$$data        c_w.l(lc_ctype_c.o)


    Execution Region ER_RW (Exec base: 0x20000000, Load base: 0x00005ec8, Size: 0x0000006c, Max: 0xffffffff, ABSOLUTE)

    Exec Addr    Load Addr    Size         Type   Attr      Idx    E Section Name        Object

    0x20000000   0x00005ec8   0x00000068   Data   RW          357    .data.flashData     logic.o
    0x20000068   0x00005f30   0x00000004   Data   RW           40    .data.randSeed      helpers.o


    Execution Region ER_ZI (Exec base: 0x20000070, Load base: 0x00005f34, Size: 0x00002288, Max: 0xffffffff, ABSOLUTE)

    Exec Addr    Load Addr    Size         Type   Attr      Idx    E Section Name        Object

    0x20000070        -       0x00000060   Zero   RW          640    .bss                c_w.l(libspace.o)
    0x200000d0        -       0x00000004   Zero   RW          112    .bss.currentCol     lcd.o
    0x200000d4        -       0x00000004   Zero   RW          285    .bss.currentResult  parser.o
    0x200000d8        -       0x00000004   Zero   RW          111    .bss.currentRow     lcd.o
    0x200000dc        -       0x00000004   Zero   RW          306    .bss.flashWriteKey  flash.o
    0x200000e0        -       0x0000006c   Zero   RW          359    .bss.inputData      logic.o
    0x2000014c        -       0x00000001   Zero   RW          355    .bss.isInit         logic.o
    0x2000014d        -       0x00000001   Zero   RW          353    .bss.isShiftOn      logic.o
    0x2000014e        -       0x00000001   Zero   RW          356    .bss.mode           logic.o
    0x2000014f   0x00005f34   0x00000001   PAD
    0x20000150        -       0x00000004   Zero   RW          286    .bss.previousResult  parser.o
    0x20000154        -       0x000000d0   Zero   RW          358    .bss.tokenData      logic.o
    0x20000224        -       0x000000d0   Zero   RW          287    .bss.tokens         parser.o
    0x200002f4   0x00005f34   0x00000004   PAD
    0x200002f8        -       0x00000000   Zero   RW          395    HEAP                startup_tm4c123.o
    0x200002f8        -       0x00002000   Zero   RW          394    STACK               startup_tm4c123.o


==============================================================================

Image component sizes


      Code (inc. data)   RO Data    RW Data    ZI Data      Debug   Object Name

       262          0          0          0          0       1720   clock.o
       240          0          0          0          4       1542   flash.o
       130          0          0          4          0       2571   helpers.o
       300          0        104          0          0       3049   keypad.o
      1396          0          0          0          8       9902   lcd.o
      1958        282        421        104        319       9118   logic.o
        18          0          0          0          0        370   main.o
      1408          8          0          0        216       8174   parser.o
       248          0          0          0          0        897   ports.o
       276         24        620          0       8192       5472   startup_tm4c123.o
       112          0          0          0          0       6450   system_tm4c123.o
         2          0          0          0          0       2549   test.o

    ----------------------------------------------------------------------
      6410        314       1180        108       8744      51814   Object Totals
         0          0         32          0          0          0   (incl. Generated)
        60          0          3          0          5          0   (incl. Padding)

    ----------------------------------------------------------------------

      Code (inc. data)   RO Data    RW Data    ZI Data      Debug   Library Member Name

         8          0          0          0          0         68   __main.o
       284          0          0          0          0        156   __printf_wp.o
         0          0          0          0          0          0   __rtentry.o
        12          0          0          0          0          0   __rtentry2.o
         6          0          0          0          0          0   __rtentry4.o
        52          8          0          0          0          0   __scatter.o
        26          0          0          0          0          0   __scatter_copy.o
        28          0          0          0          0          0   __scatter_zi.o
        28          0          0          0          0         68   _chval.o
         6          0          0          0          0          0   _printf_c.o
        44          0          0          0          0        108   _printf_char.o
        48          6          0          0          0         96   _printf_char_common.o
         6          0          0          0          0          0   _printf_d.o
       120         16          0          0          0         92   _printf_dec.o
         6          0          0          0          0          0   _printf_f.o
      1052          0          0          0          0        148   _printf_fp_dec.o
       128         16          0          0          0         84   _printf_fp_infnan.o
       178          0          0          0          0         88   _printf_intcommon.o
         0          0          0          0          0          0   _printf_percent.o
         4          0          0          0          0          0   _printf_percent_end.o
         6          0          0          0          0          0   _printf_s.o
        82          0          0          0          0         80   _printf_str.o
        22          0          0          0          0        100   _rserrno.o
        64          0          0          0          0         84   _sgetc.o
        10          0          0          0          0         68   _sputc.o
       228          4        148          0          0         96   bigflt0.o
      2152        136          0          0          0        956   btod.o
        18          0          0          0          0         80   exit.o
         6          0          0          0          0        152   heapauxi.o
         0          0          0          0          0          0   indicate_semi.o
        18          0          0          0          0         76   isspace.o
        44         10        272          0          0         76   lc_ctype_c.o
        44         10         28          0          0         76   lc_numeric_c.o
         2          0          0          0          0          0   libinit.o
        34          0          0          0          0          0   libinit2.o
         2          0          0          0          0          0   libshutdown.o
         2          0          0          0          0          0   libshutdown2.o
         8          4          0          0         96         68   libspace.o
        38          0          0          0          0         68   llshl.o
       138          0          0          0          0         80   lludiv10.o
        40          6          0          0          0         84   noretval__2sprintf.o
        16          4          0          0          0         76   rt_ctype_table.o
         8          4          0          0          0         68   rt_errno_addr_intlibspace.o
         8          4          0          0          0         68   rt_locale_intlibspace.o
        78          0          0          0          0         80   rt_memclr_w.o
       100          0          0          0          0         80   rt_memcpy_w.o
         2          0          0          0          0          0   rtexit.o
        10          0          0          0          0          0   rtexit2.o
      1272         16          0          0          0        168   scanf_fp.o
       800         14          0          0          0        100   scanf_hexfp.o
       308         16          0          0          0        100   scanf_infnan.o
       124          0          0          0          0         88   strcmpv7em.o
        62          0          0          0          0         76   strlen.o
       176         14          0          0          0        124   strtod.o
        12          4          0          0          0         68   sys_exit.o
        74          0          0          0          0         80   sys_stackheap_outer.o
         2          0          0          0          0         68   use_no_semi.o
        24          0          0          0          0        164   basic.o
        98          4          0          0          0        140   d2f.o
       834         16          0          0          0        516   daddsub_clz.o
        16          4          0          0          0        116   dcheck1.o
        24          0          0          0          0        116   dcmpi.o
       692        140          0          0          0        264   ddiv.o
       120          4          0          0          0        140   deqf.o
        46          0          0          0          0        116   dflt_clz.o
       120          4          0          0          0        140   dleqf.o
       340         12          0          0          0        152   dmul.o
       156          4          0          0          0        140   dnaninf.o
        12          0          0          0          0        116   dretinf.o
       108          0          0          0          0        128   drleqf.o
       408         56          0          0          0        168   dsqrt_umaal.o
        86          4          0          0          0        132   f2d.o
       140          4          0          0          0        132   fnaninf.o
         0          0         16          0          0          0   fpconst.o
        26          0          0          0          0        116   fpinit.o
        10          0          0          0          0        116   fretinf.o
         6          0          0          0          0        116   istatus.o
         4          0          0          0          0        116   printf1.o
       100          0          0          0          0        116   retnan.o
        92          0          0          0          0        116   scalbn.o
         4          0          0          0          0        116   scanf1.o
         8          0          0          0          0        132   scanf2.o
        48          0          0          0          0        116   trapv.o
         0          0          0          0          0          0   usenofp.o
        56         10          0          0          0        132   atof.o
       164         44          0          0          0        620   dunder.o
        24          0          0          0          0        124   fabs.o
        48          0          0          0          0        124   fpclassify.o
       140         22          0          0          0        132   frexp.o
       228          8          0          0          0        308   ldexp.o
       266         16          0          0          0        308   narrow.o
       248          0          0          0          0        152   poly.o
      3168        296        136          0          0        352   pow.o
         0          0          8          0          0          0   qnan.o
       110          0          0          0          0        148   sqrt.o

    ----------------------------------------------------------------------
     16066        940        608          0         96      10436   Library Totals
        46          0          0          0          0          0   (incl. Padding)

    ----------------------------------------------------------------------

      Code (inc. data)   RO Data    RW Data    ZI Data      Debug   Library Name

      8046        292        448          0         96       4296   c_w.l
      3522        252         16          0          0       3740   fz_wm.l
      4452        396        144          0          0       2400   m_wm.l

    ----------------------------------------------------------------------
     16066        940        608          0         96      10436   Library Totals

    ----------------------------------------------------------------------

==============================================================================


      Code (inc. data)   RO Data    RW Data    ZI Data      Debug   

     22476       1254       1788        108       8840      55610   Grand Totals
     22476       1254       1788        108       8840      55610   ELF Image Totals
     22476       1254       1788        108          0          0   ROM Totals

==============================================================================

    Total RO  Size (Code + RO Data)                24264 (  23.70kB)
    Total RW  Size (RW Data + ZI Data)              8948 (   8.74kB)
    Total ROM Size (Code + RO Data + RW Data)      24372 (  23.80kB)

==============================================================================

